Archive member included because of file (symbol)

../sbl6/segalib/lib/sega_int.a(int.o)
                              src/vblank.o (INT_SetScuFunc)
../sbl6/segalib/lib/sega_int.a(int_trmp.o)
                              ../sbl6/segalib/lib/sega_int.a(int.o) (__interrupt_handler0)
../sbl6/segalib/lib/sega_spr.a(spr_2c.o)
                              src/main.o (SPR_2Initial)
../sbl6/segalib/lib/sega_spr.a(spr_slv.o)
                              ../sbl6/segalib/lib/sega_spr.a(spr_2c.o) (SPR_InitSlaveSH)
../sbl6/segalib/lib/sega_spr.a(spr_1c.o)
                              ../sbl6/segalib/lib/sega_spr.a(spr_2c.o) (SPR_Initial)
../sbl6/segalib/lib/sega_spr.a(spr_2a.o)
                              ../sbl6/segalib/lib/sega_spr.a(spr_2c.o) (SPR_2SetDrawPrty)
../sbl6/segalib/lib/sega_scl.a(scl_vblv.o)
                              ../sbl6/segalib/lib/sega_spr.a(spr_1c.o) (SpFrameChgMode)
../sbl6/segalib/lib/sega_scl.a(scl_func.o)
                              src/main.o (SCL_Vdp2Init)
../sbl6/segalib/lib/sega_scl.a(scl_fu01.o)
                              src/main.o (SCL_SetDisplayMode)
../sbl6/segalib/lib/sega_scl.a(scl_pr07.o)
                              src/main.o (SCL_SetPriority)
../sbl6/segalib/lib/sega_scl.a(scl_pr01.o)
                              src/main.o (SCL_SetSpriteMode)
../sbl6/segalib/lib/sega_scl.a(scl_fu02.o)
                              src/main.o (SCL_SetVramConfig)
../sbl6/segalib/lib/sega_scl.a(scl_pri.o)
                              ../sbl6/segalib/lib/sega_scl.a(scl_func.o) (SclRealOtherPri)
../sbl6/segalib/lib/sega_scl.a(scl_ro00.o)
                              ../sbl6/segalib/lib/sega_scl.a(scl_func.o) (SCL_Rotate)
../sbl6/segalib/lib/sega_scl.a(scl_pr02.o)
                              ../sbl6/segalib/lib/sega_scl.a(scl_pri.o) (SCL_SetColRam)
../sbl6/segalib/lib/sega_scl.a(scl_pr05.o)
                              ../sbl6/segalib/lib/sega_scl.a(scl_pr02.o) (SCL_GetColRamOffset)
../sbl6/segalib/lib/sega_mth.a(mth_fixd.o)
                              ../sbl6/segalib/lib/sega_scl.a(scl_ro00.o) (MTH_Mul)
../sbl6/segalib/lib/sega_mth.a(mth_tri.o)
                              ../sbl6/segalib/lib/sega_scl.a(scl_ro00.o) (fsin)
../sbl6/segalib/lib/sega_per.a(per_prt.o)
                              ../sbl6/segasmp/per/smpclib/per_x2.o (PER_LInit)
../sbl6/segalib/lib/sega_sat.a(gfs.o)
                              src/cd.o (GFS_Init)
../sbl6/segalib/lib/sega_sat.a(DMA_SCU1.o)
                              ../sbl6/segalib/lib/sega_spr.a(spr_2c.o) (DMA_ScuMemCopy)
../sbl6/segalib/lib/sega_sat.a(gfs_cdf.o)
                              ../sbl6/segalib/lib/sega_sat.a(gfs.o) (GFCF_Init)
../sbl6/segalib/lib/sega_sat.a(gfs_dir.o)
                              ../sbl6/segalib/lib/sega_sat.a(gfs.o) (GFDR_SetupDirTbl)
../sbl6/segalib/lib/sega_sat.a(gfs_trn.o)
                              ../sbl6/segalib/lib/sega_sat.a(gfs.o) (GFTR_Setup)
../sbl6/segalib/lib/sega_sat.a(gfs_buf.o)
                              ../sbl6/segalib/lib/sega_sat.a(gfs.o) (GFBF_GetNumData)
../sbl6/segalib/lib/sega_sat.a(gfs_cdb.o)
                              ../sbl6/segalib/lib/sega_sat.a(gfs_cdf.o) (GFCB_Setup)
../sbl6/segalib/lib/sega_sat.a(gfs_cdc.o)
                              ../sbl6/segalib/lib/sega_sat.a(gfs.o) (GFCD_SetCdbfs)
../sbl6/segalib/lib/sega_sat.a(DMA_SCU0.o)
                              ../sbl6/segalib/lib/sega_sat.a(DMA_SCU1.o) (DMA_ScuSetPrm)
../sbl6/segalib/lib/sega_sat.a(csh_main.o)
                              ../sbl6/segalib/lib/sega_sat.a(DMA_SCU1.o) (CSH_Purge)
../sbl6/segalib/lib/sega_sat.a(DMA_CPU0.o)
                              ../sbl6/segalib/lib/sega_sat.a(gfs_trn.o) (DMA_CpuSetComPrm)
../sbl6/segalib/lib/sega_sat.a(cdc_reg.o)
                              ../sbl6/segalib/lib/sega_sat.a(gfs_cdb.o) (CDC_GetDataPtr)
../sbl6/segalib/lib/sega_sat.a(cdc_cfs.o)
                              ../sbl6/segalib/lib/sega_sat.a(gfs_cdc.o) (CDC_ChgDir)
../sbl6/segalib/lib/sega_sat.a(cdc_cmn.o)
                              ../sbl6/segalib/lib/sega_sat.a(gfs_cdc.o) (CDC_GetCurStat)
../sbl6/segalib/lib/sega_sat.a(cdc_bio.o)
                              ../sbl6/segalib/lib/sega_sat.a(gfs_cdc.o) (CDC_SetSctLen)
../sbl6/segalib/lib/sega_sat.a(cdc_sel.o)
                              ../sbl6/segalib/lib/sega_sat.a(gfs_cdc.o) (CDC_SetFiltRange)
../sbl6/segalib/lib/sega_sat.a(cdc_drv.o)
                              ../sbl6/segalib/lib/sega_sat.a(gfs_cdc.o) (CDC_CdPlay)
../sbl6/segalib/lib/sega_sat.a(cdc_bif.o)
                              ../sbl6/segalib/lib/sega_sat.a(gfs_cdc.o) (CDC_GetBufSiz)
../sbl6/segalib/lib/sega_sat.a(cdc_dev.o)
                              ../sbl6/segalib/lib/sega_sat.a(gfs_cdc.o) (CDC_CdSetCon)
../sbl6/segalib/lib/sega_sat.a(cdc_sub.o)
                              ../sbl6/segalib/lib/sega_sat.a(cdc_cfs.o) (CDSUB_UpdStatus)
C:/saturn/SH_COFF/sh-coff/bin/../lib/gcc/sh-coff/3.4-GNUSH_v0501\libgcc.a(_ashiftrt.o)
                              ../sbl6/segalib/lib/sega_scl.a(scl_ro00.o) (__ashiftrt_r4_6)
C:/saturn/SH_COFF/sh-coff/bin/../lib/gcc/sh-coff/3.4-GNUSH_v0501\libgcc.a(__main.o)
                              src/main.o (__main)
C:/saturn/SH_COFF/sh-coff/bin/../lib/gcc/sh-coff/3.4-GNUSH_v0501\libgcc.a(_si_to_df.o)
                              ../sbl6/segalib/lib/sega_scl.a(scl_ro00.o) (__floatsidf)
C:/saturn/SH_COFF/sh-coff/bin/../lib/gcc/sh-coff/3.4-GNUSH_v0501\libgcc.a(_mul_df.o)
                              ../sbl6/segalib/lib/sega_scl.a(scl_ro00.o) (__muldf3)
C:/saturn/SH_COFF/sh-coff/bin/../lib/gcc/sh-coff/3.4-GNUSH_v0501\libgcc.a(_df_to_si.o)
                              ../sbl6/segalib/lib/sega_scl.a(scl_ro00.o) (__fixdfsi)
C:/saturn/SH_COFF/sh-coff/bin/../lib/gcc/sh-coff/3.4-GNUSH_v0501\libgcc.a(_udivsi3.o)
                              ../sbl6/segalib/lib/sega_sat.a(gfs.o) (__udivsi3)
C:/saturn/SH_COFF/sh-coff/bin/../lib/gcc/sh-coff/3.4-GNUSH_v0501\libgcc.a(_sdivsi3.o)
                              ../sbl6/segalib/lib/sega_sat.a(gfs.o) (__sdivsi3)
C:/saturn/SH_COFF/sh-coff/bin/../lib/gcc/sh-coff/3.4-GNUSH_v0501\libgcc.a(_pack_df.o)
                              C:/saturn/SH_COFF/sh-coff/bin/../lib/gcc/sh-coff/3.4-GNUSH_v0501\libgcc.a(_si_to_df.o) (__pack_d)
C:/saturn/SH_COFF/sh-coff/bin/../lib/gcc/sh-coff/3.4-GNUSH_v0501\libgcc.a(_unpack_df.o)
                              C:/saturn/SH_COFF/sh-coff/bin/../lib/gcc/sh-coff/3.4-GNUSH_v0501\libgcc.a(_mul_df.o) (__unpack_d)
C:/saturn/SH_COFF/sh-coff/bin/../lib/gcc/sh-coff/3.4-GNUSH_v0501\libgcc.a(_thenan_df.o)
                              C:/saturn/SH_COFF/sh-coff/bin/../lib/gcc/sh-coff/3.4-GNUSH_v0501\libgcc.a(_mul_df.o) (__thenan_df)
C:/saturn/SH_COFF/sh-coff/bin/../lib/gcc/sh-coff/3.4-GNUSH_v0501\libgcc.a(_muldi3.o)
                              C:/saturn/SH_COFF/sh-coff/bin/../lib/gcc/sh-coff/3.4-GNUSH_v0501\libgcc.a(_mul_df.o) (__muldi3)
C:/saturn/SH_COFF/sh-coff/bin/../lib/gcc/sh-coff/3.4-GNUSH_v0501\libgcc.a(_lshrdi3.o)
                              C:/saturn/SH_COFF/sh-coff/bin/../lib/gcc/sh-coff/3.4-GNUSH_v0501\libgcc.a(_df_to_si.o) (__lshrdi3)
C:/saturn/SH_COFF/sh-coff/bin/../lib/gcc/sh-coff/3.4-GNUSH_v0501\libgcc.a(_ashldi3.o)
                              C:/saturn/SH_COFF/sh-coff/bin/../lib/gcc/sh-coff/3.4-GNUSH_v0501\libgcc.a(_pack_df.o) (__ashldi3)
C:/saturn/SH_COFF/sh-coff/bin/../lib/gcc/sh-coff/3.4-GNUSH_v0501\libgcc.a(_mulsi3.o)
                              C:/saturn/SH_COFF/sh-coff/bin/../lib/gcc/sh-coff/3.4-GNUSH_v0501\libgcc.a(_muldi3.o) (__mulsi3)
C:/saturn/SH_COFF/sh-coff/bin/../lib/gcc/sh-coff/3.4-GNUSH_v0501\libgcc.a(_ashiftlt.o)
                              C:/saturn/SH_COFF/sh-coff/bin/../lib/gcc/sh-coff/3.4-GNUSH_v0501\libgcc.a(_lshrdi3.o) (__ashlsi3)
C:/saturn/SH_COFF/sh-coff/bin/../lib/gcc/sh-coff/3.4-GNUSH_v0501\libgcc.a(_lshiftrt.o)
                              C:/saturn/SH_COFF/sh-coff/bin/../lib/gcc/sh-coff/3.4-GNUSH_v0501\libgcc.a(_lshrdi3.o) (__lshrsi3)
C:/saturn/SH_COFF/sh-coff/bin/../lib/gcc/sh-coff/3.4-GNUSH_v0501/../../../../sh-coff/lib\libc.a(memcpy.o)
                              src/main.o (memcpy)
C:/saturn/SH_COFF/sh-coff/bin/../lib/gcc/sh-coff/3.4-GNUSH_v0501/../../../../sh-coff/lib\libc.a(strlen.o)
                              src/main.o (strlen)
C:/saturn/SH_COFF/sh-coff/bin/../lib/gcc/sh-coff/3.4-GNUSH_v0501/../../../../sh-coff/lib\libc.a(memset.o)
                              ../sbl6/segalib/lib/sega_spr.a(spr_2c.o) (memset)
C:/saturn/SH_COFF/sh-coff/bin/../lib/gcc/sh-coff/3.4-GNUSH_v0501/../../../../sh-coff/lib\libc.a(memcmp.o)
                              ../sbl6/segalib/lib/sega_sat.a(gfs.o) (memcmp)
C:/saturn/SH_COFF/sh-coff/bin/../lib/gcc/sh-coff/3.4-GNUSH_v0501/../../../../sh-coff/lib\libc.a(strncmp.o)
                              ../sbl6/segalib/lib/sega_sat.a(gfs_dir.o) (strncmp)
C:/saturn/SH_COFF/sh-coff/bin/../lib/gcc/sh-coff/3.4-GNUSH_v0501/../../../../sh-coff/lib\libc.a(strncpy.o)
                              ../sbl6/segalib/lib/sega_sat.a(gfs_dir.o) (strncpy)
C:/saturn/SH_COFF/sh-coff/bin/../lib/gcc/sh-coff/3.4-GNUSH_v0501/../../../../sh-coff/lib\libc.a(atexit.o)
                              C:/saturn/SH_COFF/sh-coff/bin/../lib/gcc/sh-coff/3.4-GNUSH_v0501\libgcc.a(__main.o) (atexit)
C:/saturn/SH_COFF/sh-coff/bin/../lib/gcc/sh-coff/3.4-GNUSH_v0501/../../../../sh-coff/lib\libc.a(impure.o)
                              C:/saturn/SH_COFF/sh-coff/bin/../lib/gcc/sh-coff/3.4-GNUSH_v0501/../../../../sh-coff/lib\libc.a(atexit.o) (_impure_ptr)
C:/saturn/SH_COFF/sh-coff/bin/../lib/gcc/sh-coff/3.4-GNUSH_v0501/../../../../sh-coff/lib\libc.a(malloc.o)
                              C:/saturn/SH_COFF/sh-coff/bin/../lib/gcc/sh-coff/3.4-GNUSH_v0501/../../../../sh-coff/lib\libc.a(atexit.o) (malloc)
C:/saturn/SH_COFF/sh-coff/bin/../lib/gcc/sh-coff/3.4-GNUSH_v0501/../../../../sh-coff/lib\libc.a(mallocr.o)
                              C:/saturn/SH_COFF/sh-coff/bin/../lib/gcc/sh-coff/3.4-GNUSH_v0501/../../../../sh-coff/lib\libc.a(malloc.o) (_malloc_r)
C:/saturn/SH_COFF/sh-coff/bin/../lib/gcc/sh-coff/3.4-GNUSH_v0501/../../../../sh-coff/lib\libc.a(freer.o)
                              C:/saturn/SH_COFF/sh-coff/bin/../lib/gcc/sh-coff/3.4-GNUSH_v0501/../../../../sh-coff/lib\libc.a(malloc.o) (_free_r)
C:/saturn/SH_COFF/sh-coff/bin/../lib/gcc/sh-coff/3.4-GNUSH_v0501/../../../../sh-coff/lib\libc.a(mlock.o)
                              C:/saturn/SH_COFF/sh-coff/bin/../lib/gcc/sh-coff/3.4-GNUSH_v0501/../../../../sh-coff/lib\libc.a(mallocr.o) (__malloc_lock)
C:/saturn/SH_COFF/sh-coff/bin/../lib/gcc/sh-coff/3.4-GNUSH_v0501/../../../../sh-coff/lib\libc.a(sbrkr.o)
                              C:/saturn/SH_COFF/sh-coff/bin/../lib/gcc/sh-coff/3.4-GNUSH_v0501/../../../../sh-coff/lib\libc.a(mallocr.o) (_sbrk_r)
C:/saturn/SH_COFF/sh-coff/bin/../lib/gcc/sh-coff/3.4-GNUSH_v0501/../../../../sh-coff/lib\libc.a(syscalls.o)
                              C:/saturn/SH_COFF/sh-coff/bin/../lib/gcc/sh-coff/3.4-GNUSH_v0501/../../../../sh-coff/lib\libc.a(sbrkr.o) (_sbrk)
C:/saturn/SH_COFF/sh-coff/bin/../lib/gcc/sh-coff/3.4-GNUSH_v0501/../../../../sh-coff/lib\libc.a(trap.o)
                              C:/saturn/SH_COFF/sh-coff/bin/../lib/gcc/sh-coff/3.4-GNUSH_v0501/../../../../sh-coff/lib\libc.a(syscalls.o) (__trap34)
C:/saturn/SH_COFF/sh-coff/bin/../lib/gcc/sh-coff/3.4-GNUSH_v0501/../../../../sh-coff/lib\libc.a(abort.o)
                              C:/saturn/SH_COFF/sh-coff/bin/../lib/gcc/sh-coff/3.4-GNUSH_v0501/../../../../sh-coff/lib\libc.a(syscalls.o) (abort)
C:/saturn/SH_COFF/sh-coff/bin/../lib/gcc/sh-coff/3.4-GNUSH_v0501/../../../../sh-coff/lib\libc.a(signal.o)
                              C:/saturn/SH_COFF/sh-coff/bin/../lib/gcc/sh-coff/3.4-GNUSH_v0501/../../../../sh-coff/lib\libc.a(abort.o) (raise)
C:/saturn/SH_COFF/sh-coff/bin/../lib/gcc/sh-coff/3.4-GNUSH_v0501/../../../../sh-coff/lib\libc.a(signalr.o)
                              C:/saturn/SH_COFF/sh-coff/bin/../lib/gcc/sh-coff/3.4-GNUSH_v0501/../../../../sh-coff/lib\libc.a(signal.o) (_kill_r)

Allocating common symbols
Common symbol       size              file

SclRbgKtbAddr       0x8               ../sbl6/segalib/lib/sega_scl.a(scl_func.o)
SpMstCmd            0x4               ../sbl6/segalib/lib/sega_spr.a(spr_2c.o)
SclRb               0x1               ../sbl6/segalib/lib/sega_scl.a(scl_func.o)
Scl_flag            0x2               ../sbl6/segalib/lib/sega_scl.a(scl_func.o)
per_get_time_flg    0x1               ../sbl6/segalib/lib/sega_per.a(per_prt.o)
SpScreenY           0x4               ../sbl6/segalib/lib/sega_spr.a(spr_1c.o)
SclK_TableBuff      0xcd0             ../sbl6/segalib/lib/sega_scl.a(scl_func.o)
SclAutoEndBlue2     0x2               ../sbl6/segalib/lib/sega_scl.a(scl_pri.o)
SpFbcrMode          0x2               ../sbl6/segalib/lib/sega_spr.a(spr_1c.o)
Sp2OpenFlag         0x4               ../sbl6/segalib/lib/sega_spr.a(spr_2c.o)
SclColOffset        0x10              ../sbl6/segalib/lib/sega_scl.a(scl_pri.o)
SclAddrCsTbl        0x8               ../sbl6/segalib/lib/sega_scl.a(scl_func.o)
SclPriBuffDirty     0x1               ../sbl6/segalib/lib/sega_scl.a(scl_pri.o)
SclAutoEndRed       0x2               ../sbl6/segalib/lib/sega_scl.a(scl_pri.o)
SclAutoSurface      0x4               ../sbl6/segalib/lib/sega_scl.a(scl_pri.o)
__interrupt_vector  0x400             ../sbl6/segalib/lib/sega_int.a(int.o)
per_hot_res         0x1               ../sbl6/segalib/lib/sega_per.a(per_prt.o)
dirname             0x960             src/cd.o
SclCsx              0x8               ../sbl6/segalib/lib/sega_scl.a(scl_ro00.o)
Scl_s_reg           0x28              ../sbl6/segalib/lib/sega_scl.a(scl_func.o)
SclAutoGreen        0x2               ../sbl6/segalib/lib/sega_scl.a(scl_pri.o)
SclAutoEndGreen     0x2               ../sbl6/segalib/lib/sega_scl.a(scl_pri.o)
SclAutoCount        0x4               ../sbl6/segalib/lib/sega_scl.a(scl_pri.o)
GFMC_base           0x4               ../sbl6/segalib/lib/sega_sat.a(gfs.o)
SpGourTblMax        0x4               ../sbl6/segalib/lib/sega_spr.a(spr_2c.o)
SclColRamAlloc256   0x20              ../sbl6/segalib/lib/sega_scl.a(scl_pri.o)
SclRotateXy         0x8               ../sbl6/segalib/lib/sega_scl.a(scl_func.o)
SpDrawPrtyBlk       0x4               ../sbl6/segalib/lib/sega_spr.a(spr_2c.o)
SclAutoCurRate      0x1               ../sbl6/segalib/lib/sega_scl.a(scl_pri.o)
SpLCoordX           0x4               ../sbl6/segalib/lib/sega_spr.a(spr_2c.o)
gfs_mng_ptr         0x4               ../sbl6/segalib/lib/sega_sat.a(gfs.o)
SpMstDrawPrtyBlk    0x4               ../sbl6/segalib/lib/sega_spr.a(spr_2c.o)
SclAutoPlusFlag     0x1               ../sbl6/segalib/lib/sega_scl.a(scl_pri.o)
per_set_sys_flg     0x1               ../sbl6/segalib/lib/sega_per.a(per_prt.o)
Scl_d_reg           0x48              ../sbl6/segalib/lib/sega_scl.a(scl_func.o)
SclRotateDisp       0x8               ../sbl6/segalib/lib/sega_scl.a(scl_func.o)
SpGourTbl           0x4               ../sbl6/segalib/lib/sega_spr.a(spr_2c.o)
gfcf_fad            0x4               ../sbl6/segalib/lib/sega_sat.a(gfs_cdf.o)
IMG_CHAR_LUT        0x800             src/img.o
SclSpColMix         0x8               ../sbl6/segalib/lib/sega_scl.a(scl_pri.o)
SpDil               0x2               ../sbl6/segalib/lib/sega_spr.a(spr_1c.o)
SpLookupTblR        0x2               ../sbl6/segalib/lib/sega_spr.a(spr_2c.o)
SclAutoMax          0x4               ../sbl6/segalib/lib/sega_scl.a(scl_pri.o)
SpCmdTbl            0x4               ../sbl6/segalib/lib/sega_spr.a(spr_2c.o)
SclRotateMoveZ      0x8               ../sbl6/segalib/lib/sega_scl.a(scl_func.o)
SclLineColRamOffset
                    0x4               ../sbl6/segalib/lib/sega_scl.a(scl_pri.o)
SclRotXySw          0x4               ../sbl6/segalib/lib/sega_scl.a(scl_func.o)
per_get_time_adr    0x4               ../sbl6/segalib/lib/sega_per.a(per_prt.o)
SclColRamAlloc2048  0x4               ../sbl6/segalib/lib/sega_scl.a(scl_pri.o)
SclBgPriNum         0x6               ../sbl6/segalib/lib/sega_scl.a(scl_pri.o)
SpCharMax           0x4               ../sbl6/segalib/lib/sega_spr.a(spr_2c.o)
SpDrawPrtyProcFlag  0x4               ../sbl6/segalib/lib/sega_spr.a(spr_2c.o)
SclAutoEndBlue      0x2               ../sbl6/segalib/lib/sega_scl.a(scl_pri.o)
SpCmdNo             0x4               ../sbl6/segalib/lib/sega_spr.a(spr_2c.o)
SclAutoEndGreen2    0x2               ../sbl6/segalib/lib/sega_scl.a(scl_pri.o)
Scl_r_reg           0x10              ../sbl6/segalib/lib/sega_scl.a(scl_func.o)
SclRPMD             0x2               ../sbl6/segalib/lib/sega_scl.a(scl_func.o)
SpDrawPrtyBlkMax    0x4               ../sbl6/segalib/lib/sega_spr.a(spr_2c.o)
SpDie               0x2               ../sbl6/segalib/lib/sega_spr.a(spr_1c.o)
SclAutoVeFlag       0x1               ../sbl6/segalib/lib/sega_scl.a(scl_pri.o)
SclBgColMix         0x8               ../sbl6/segalib/lib/sega_scl.a(scl_pri.o)
SpSlvCmdPos         0x4               ../sbl6/segalib/lib/sega_spr.a(spr_2c.o)
per_get_sys_data    0xc               ../sbl6/segalib/lib/sega_per.a(per_prt.o)
SclRbgKtbOffset     0x8               ../sbl6/segalib/lib/sega_scl.a(scl_func.o)
gfcd_fatal_err      0x4               ../sbl6/segalib/lib/sega_sat.a(gfs_cdc.o)
SclAutoIndex        0x4               ../sbl6/segalib/lib/sega_scl.a(scl_pri.o)
SclAutoEndRate      0x1               ../sbl6/segalib/lib/sega_scl.a(scl_pri.o)
SpSlvDrawPrtyBlk    0x4               ../sbl6/segalib/lib/sega_spr.a(spr_2c.o)
_SclRotregBuff      0xd0              ../sbl6/segalib/lib/sega_scl.a(scl_func.o)
SclAutoBlue         0x2               ../sbl6/segalib/lib/sega_scl.a(scl_pri.o)
lib_work            0x11a0            src/cd.o
SpTvMode            0x2               ../sbl6/segalib/lib/sega_spr.a(spr_1c.o)
SpScreenX           0x4               ../sbl6/segalib/lib/sega_spr.a(spr_1c.o)
SclRa               0x1               ../sbl6/segalib/lib/sega_scl.a(scl_func.o)
SclRotateZ          0x8               ../sbl6/segalib/lib/sega_scl.a(scl_func.o)
SpCharTbl           0x4               ../sbl6/segalib/lib/sega_spr.a(spr_2c.o)
SclAddrLsTbl        0x8               ../sbl6/segalib/lib/sega_scl.a(scl_func.o)
SclK_TableNum       0x8               ../sbl6/segalib/lib/sega_scl.a(scl_func.o)
SclAutoRed          0x2               ../sbl6/segalib/lib/sega_scl.a(scl_pri.o)
SpCmdTblR           0x2               ../sbl6/segalib/lib/sega_spr.a(spr_2c.o)
gfs_use_scudma      0x4               ../sbl6/segalib/lib/sega_sat.a(gfs.o)
SclAutoInterval     0x4               ../sbl6/segalib/lib/sega_scl.a(scl_pri.o)
SclOtherPri         0x10              ../sbl6/segalib/lib/sega_scl.a(scl_pri.o)
per_time_out_flg    0x1               ../sbl6/segalib/lib/sega_per.a(per_prt.o)
SclRotateTableAddress
                    0x4               ../sbl6/segalib/lib/sega_scl.a(scl_func.o)
SpMstCmdPos         0x4               ../sbl6/segalib/lib/sega_spr.a(spr_2c.o)
SpSlvCmd            0x4               ../sbl6/segalib/lib/sega_spr.a(spr_2c.o)
SclAutoRGB          0x600             ../sbl6/segalib/lib/sega_scl.a(scl_pri.o)
errno               0x4               C:/saturn/SH_COFF/sh-coff/bin/../lib/gcc/sh-coff/3.4-GNUSH_v0501/../../../../sh-coff/lib\libc.a(syscalls.o)
SclK_TableFlag      0x4               ../sbl6/segalib/lib/sega_scl.a(scl_func.o)
SclAutoEndRed2      0x2               ../sbl6/segalib/lib/sega_scl.a(scl_pri.o)
SclCsy              0x8               ../sbl6/segalib/lib/sega_scl.a(scl_ro00.o)
SclSpPriNum         0x8               ../sbl6/segalib/lib/sega_scl.a(scl_pri.o)
gfcd_work           0x4               ../sbl6/segalib/lib/sega_sat.a(gfs_cdc.o)
gfcf_stat           0x4               ../sbl6/segalib/lib/sega_sat.a(gfs_cdf.o)
Scl_w_reg           0x20              ../sbl6/segalib/lib/sega_scl.a(scl_func.o)
gfcd_playflag       0x4               ../sbl6/segalib/lib/sega_sat.a(gfs_cdc.o)
directory_table     0xc               src/cd.o
SpLCoordY           0x4               ../sbl6/segalib/lib/sega_spr.a(spr_2c.o)
Scl_n_reg           0x40              ../sbl6/segalib/lib/sega_scl.a(scl_func.o)

Memory Configuration

Name             Origin             Length             Attributes
*default*        0x00000000         0xffffffff

Linker script and memory map

LOAD ../sbl6/segasmp/lib/strt1_g.o
LOAD ../sbl6/segasmp/lib/strt2_g.o
LOAD ../sbl6/segasmp/per/smpclib/per_x1.o
LOAD ../sbl6/segasmp/per/smpclib/per_x2.o
LOAD ../sbl6/segasmp/per/smpclib/per_x3.o
LOAD src/vblank.o
LOAD src/sinlut.o
LOAD src/cd.o
LOAD src/img.o
LOAD src/main.o
LOAD ../sbl6/segalib/lib/sega_int.a
LOAD ../sbl6/segalib/lib/sega_spr.a
LOAD ../sbl6/segalib/lib/sega_scl.a
LOAD ../sbl6/segalib/lib/sega_mth.a
LOAD ../sbl6/segalib/lib/sega_cdc.a
LOAD ../sbl6/segalib/lib/sega_adp.a
LOAD ../sbl6/segalib/lib/sega_per.a
LOAD ../sbl6/segalib/lib/sega_sat.a
LOAD ../sbl6/segalib/lib/sega_gfs.a
LOAD C:/saturn/SH_COFF/sh-coff/bin/../lib/gcc/sh-coff/3.4-GNUSH_v0501\libgcc.a
LOAD C:/saturn/SH_COFF/sh-coff/bin/../lib/gcc/sh-coff/3.4-GNUSH_v0501/../../../../sh-coff/lib\libc.a
LOAD C:/saturn/SH_COFF/sh-coff/bin/../lib/gcc/sh-coff/3.4-GNUSH_v0501\libgcc.a

.text           0x06010000    0x134b0
 *(.text)
 .text          0x06010000       0x30 ../sbl6/segasmp/lib/strt1_g.o
                0x06010024                _D_END
                0x06010020                _D_BGN
                0x0601002c                _B_END
                0x06010028                _B_BGN
                0x06010000                START
 .text          0x06010030       0x60 ../sbl6/segasmp/lib/strt2_g.o
                0x06010050                _INITSCT
                0x06010030                _INIT
 .text          0x06010090      0x430 ../sbl6/segasmp/per/smpclib/per_x1.o
                0x06010424                PER_GetAnalogXYZ
                0x060100b4                PER_GetTriggerHandler
                0x0601034e                PER_GetEdge
                0x060102cc                PER_GetTrigger
                0x06010378                PER_GetPressEdge
                0x060103cc                PER_GetReleaseEdge
                0x06010090                PER_SetTriggerHandler
 .text          0x060104c0      0x200 ../sbl6/segasmp/per/smpclib/per_x2.o
                0x060105c4                PER_GetDeviceA
                0x060104c0                PER_OpenPort
                0x060104f8                PER_GetPort
                0x0601063e                PER_GetDeviceR
 .text          0x060106c0       0x20 ../sbl6/segasmp/per/smpclib/per_x3.o
                0x060106c0                PER_DisguiseTrigger
 .text          0x060106e0       0x70 src/vblank.o
                0x060106e0                SetVblank
                0x06010740                UsrVblankOut
                0x06010730                UsrVblankIn
 .text          0x06010750     0x2000 src/sinlut.o
                0x06010750                sinlut
 .text          0x06012750       0xa0 src/cd.o
                0x06012750                cd_init
                0x06012780                cd_load
 .text          0x060127f0      0x110 src/img.o
                0x06012810                img_load
 .text          0x06012900      0x450 src/main.o
                0x06012990                main
 .text          0x06012d50       0x40 ../sbl6/segalib/lib/sega_int.a(int.o)
                0x06012d7c                INT_GetScuFunc
                0x06012d50                INT_SetScuFunc
 .text          0x06012d90      0x624 ../sbl6/segalib/lib/sega_int.a(int_trmp.o)
                0x06012ef8                __interrupt_handler60
                0x060130a8                __interrupt_handler132
                0x0601325e                __interrupt_handler205
                0x060130c6                __interrupt_handler137
                0x06012ff4                __interrupt_handler102
                0x06012e32                __interrupt_handler27
                0x06013234                __interrupt_handler198
                0x06013126                __interrupt_handler153
                0x06012e0e                __interrupt_handler21
                0x06012f1c                __interrupt_handler66
                0x0601300c                __interrupt_handler106
                0x06013156                __interrupt_handler161
                0x06012fa0                __interrupt_handler88
                0x0601316e                __interrupt_handler165
                0x0601307e                __interrupt_handler125
                0x06012db4                __interrupt_handler6
                0x06012e50                __interrupt_handler32
                0x0601320a                __interrupt_handler191
                0x06013324                __interrupt_handler238
                0x0601333c                __interrupt_handler242
                0x06013144                __interrupt_handler158
                0x06012fac                __interrupt_handler90
                0x06013168                __interrupt_handler164
                0x06012e8c                __interrupt_handler42
                0x060131ce                __interrupt_handler181
                0x060132d6                __interrupt_handler225
                0x0601337e                __interrupt_handler253
                0x06013192                __interrupt_handler171
                0x06012f4c                __interrupt_handler74
                0x06012da2                __interrupt_handler3
                0x06012ee6                __interrupt_handler57
                0x06012de4                __interrupt_handler14
                0x0601327c                __interrupt_handler210
                0x060132ac                __interrupt_handler218
                0x06013270                __interrupt_handler208
                0x06012e74                __interrupt_handler38
                0x06012d90                __interrupt_handler0
                0x06013000                __interrupt_handler104
                0x0601313e                __interrupt_handler157
                0x0601328e                __interrupt_handler213
                0x06013180                __interrupt_handler168
                0x06012f8e                __interrupt_handler85
                0x0601302a                __interrupt_handler111
                0x0601303c                __interrupt_handler114
                0x06012eaa                __interrupt_handler47
                0x06013300                __interrupt_handler232
                0x060132ca                __interrupt_handler223
                0x0601331e                __interrupt_handler237
                0x06012f0a                __interrupt_handler63
                0x06012e98                __interrupt_handler44
                0x060131aa                __interrupt_handler175
                0x060131d4                __interrupt_handler182
                0x060131ec                __interrupt_handler186
                0x060130ea                __interrupt_handler143
                0x06013012                __interrupt_handler107
                0x06013078                __interrupt_handler124
                0x06013198                __interrupt_handler172
                0x0601334e                __interrupt_handler245
                0x06012fca                __interrupt_handler95
                0x060130a2                __interrupt_handler131
                0x060130b4                __interrupt_handler134
                0x060130d2                __interrupt_handler139
                0x06012f40                __interrupt_handler72
                0x060132fa                __interrupt_handler231
                0x06013150                __interrupt_handler160
                0x06013096                __interrupt_handler129
                0x06012e08                __interrupt_handler20
                0x06012f16                __interrupt_handler65
                0x06012ee0                __interrupt_handler56
                0x06012dde                __interrupt_handler13
                0x06013276                __interrupt_handler209
                0x06013030                __interrupt_handler112
                0x06012e02                __interrupt_handler19
                0x06012fbe                __interrupt_handler93
                0x06013228                __interrupt_handler196
                0x0601311a                __interrupt_handler151
                0x0601317a                __interrupt_handler167
                0x06013390                __trampoline
                0x06012df6                __interrupt_handler17
                0x060132e8                __interrupt_handler228
                0x0601338a                __interrupt_handler255
                0x06013348                __interrupt_handler244
                0x06012fe2                __interrupt_handler99
                0x060131da                __interrupt_handler183
                0x060130d8                __interrupt_handler140
                0x060131fe                __interrupt_handler189
                0x060130fc                __interrupt_handler146
                0x060132c4                __interrupt_handler222
                0x06013138                __interrupt_handler156
                0x0601306c                __interrupt_handler122
                0x06013360                __interrupt_handler248
                0x06012eb0                __interrupt_handler48
                0x06012f2e                __interrupt_handler69
                0x06012e20                __interrupt_handler24
                0x06012fa6                __interrupt_handler89
                0x0601329a                __interrupt_handler215
                0x06013384                __interrupt_handler254
                0x06012f9a                __interrupt_handler87
                0x06012efe                __interrupt_handler61
                0x06013222                __interrupt_handler195
                0x06013114                __interrupt_handler150
                0x06012e86                __interrupt_handler41
                0x06013024                __interrupt_handler110
                0x0601308a                __interrupt_handler127
                0x06013018                __interrupt_handler108
                0x06013036                __interrupt_handler113
                0x06013048                __interrupt_handler116
                0x06013066                __interrupt_handler121
                0x06012f5e                __interrupt_handler77
                0x06012e7a                __interrupt_handler39
                0x06012e92                __interrupt_handler43
                0x06013366                __interrupt_handler249
                0x060131a4                __interrupt_handler174
                0x060130c0                __interrupt_handler136
                0x060131f8                __interrupt_handler188
                0x060130f6                __interrupt_handler145
                0x06012dc6                __interrupt_handler9
                0x06012f6a                __interrupt_handler79
                0x060132e2                __interrupt_handler227
                0x06012e5c                __interrupt_handler34
                0x0601309c                __interrupt_handler130
                0x0601335a                __interrupt_handler247
                0x06012f52                __interrupt_handler75
                0x0601319e                __interrupt_handler173
                0x06012ece                __interrupt_handler53
                0x0601310e                __interrupt_handler149
                0x06013372                __interrupt_handler251
                0x06013306                __interrupt_handler233
                0x06012dcc                __interrupt_handler10
                0x06013258                __interrupt_handler204
                0x06012f7c                __interrupt_handler82
                0x06012f82                __interrupt_handler83
                0x06012e26                __interrupt_handler25
                0x06013342                __interrupt_handler243
                0x0601315c                __interrupt_handler162
                0x06012ea4                __interrupt_handler46
                0x060131bc                __interrupt_handler178
                0x06012f70                __interrupt_handler80
                0x06012f04                __interrupt_handler62
                0x06012d9c                __interrupt_handler2
                0x06012e3e                __interrupt_handler29
                0x06012f34                __interrupt_handler70
                0x0601301e                __interrupt_handler109
                0x06013108                __interrupt_handler148
                0x06012fc4                __interrupt_handler94
                0x060132d0                __interrupt_handler224
                0x06012ffa                __interrupt_handler103
                0x06012e68                __interrupt_handler36
                0x06013084                __interrupt_handler126
                0x06013354                __interrupt_handler246
                0x06012eda                __interrupt_handler55
                0x06012dd8                __interrupt_handler12
                0x06012ec8                __interrupt_handler52
                0x060131f2                __interrupt_handler187
                0x060130f0                __interrupt_handler144
                0x0601304e                __interrupt_handler117
                0x06012dfc                __interrupt_handler18
                0x0601322e                __interrupt_handler197
                0x06013120                __interrupt_handler152
                0x06013054                __interrupt_handler118
                0x0601318c                __interrupt_handler170
                0x06013246                __interrupt_handler201
                0x06012fd6                __interrupt_handler97
                0x06013162                __interrupt_handler163
                0x060131c8                __interrupt_handler180
                0x06013210                __interrupt_handler192
                0x06013330                __interrupt_handler240
                0x06013072                __interrupt_handler123
                0x06013294                __interrupt_handler214
                0x06012e4a                __interrupt_handler31
                0x06012e38                __interrupt_handler28
                0x06012f22                __interrupt_handler67
                0x06012f28                __interrupt_handler68
                0x06012e14                __interrupt_handler22
                0x06012e1a                __interrupt_handler23
                0x060131b0                __interrupt_handler176
                0x06012dba                __interrupt_handler7
                0x060132be                __interrupt_handler221
                0x060132a6                __interrupt_handler217
                0x060132ee                __interrupt_handler229
                0x06012eb6                __interrupt_handler49
                0x06012da8                __interrupt_handler4
                0x06012e80                __interrupt_handler40
                0x06013042                __interrupt_handler115
                0x06013312                __interrupt_handler235
                0x06012fb2                __interrupt_handler91
                0x06013264                __interrupt_handler206
                0x060131b6                __interrupt_handler177
                0x06013102                __interrupt_handler147
                0x06012e6e                __interrupt_handler37
                0x0601336c                __interrupt_handler250
                0x06012d96                __interrupt_handler1
                0x060132b2                __interrupt_handler219
                0x06012f58                __interrupt_handler76
                0x06012fe8                __interrupt_handler100
                0x06012eec                __interrupt_handler58
                0x06012dea                __interrupt_handler15
                0x06013288                __interrupt_handler212
                0x06013336                __interrupt_handler241
                0x0601324c                __interrupt_handler202
                0x06013216                __interrupt_handler193
                0x06012f64                __interrupt_handler78
                0x06012ebc                __interrupt_handler50
                0x06012e56                __interrupt_handler33
                0x06013174                __interrupt_handler166
                0x060130cc                __interrupt_handler138
                0x060130ba                __interrupt_handler135
                0x06012e44                __interrupt_handler30
                0x060131e0                __interrupt_handler184
                0x060130de                __interrupt_handler141
                0x060132f4                __interrupt_handler230
                0x06013318                __interrupt_handler236
                0x0601305a                __interrupt_handler119
                0x06012f94                __interrupt_handler86
                0x06013006                __interrupt_handler105
                0x06012f76                __interrupt_handler81
                0x06013060                __interrupt_handler120
                0x06013090                __interrupt_handler128
                0x06012ed4                __interrupt_handler54
                0x06012dd2                __interrupt_handler11
                0x0601323a                __interrupt_handler199
                0x0601312c                __interrupt_handler154
                0x06012e9e                __interrupt_handler45
                0x060132a0                __interrupt_handler216
                0x06013252                __interrupt_handler203
                0x06012fee                __interrupt_handler101
                0x06012f88                __interrupt_handler84
                0x060131e6                __interrupt_handler185
                0x060130e4                __interrupt_handler142
                0x06012e2c                __interrupt_handler26
                0x06012f10                __interrupt_handler64
                0x06013240                __interrupt_handler200
                0x0601326a                __interrupt_handler207
                0x0601321c                __interrupt_handler194
                0x06012fb8                __interrupt_handler92
                0x06013132                __interrupt_handler155
                0x06013282                __interrupt_handler211
                0x060130ae                __interrupt_handler133
                0x06012dae                __interrupt_handler5
                0x06012f46                __interrupt_handler73
                0x06012df0                __interrupt_handler16
                0x0601332a                __interrupt_handler239
                0x0601330c                __interrupt_handler234
                0x06012e62                __interrupt_handler35
                0x06012ef2                __interrupt_handler59
                0x06013186                __interrupt_handler169
                0x06012fdc                __interrupt_handler98
                0x06012f3a                __interrupt_handler71
                0x06012ec2                __interrupt_handler51
                0x0601314a                __interrupt_handler159
                0x060132dc                __interrupt_handler226
                0x06012fd0                __interrupt_handler96
                0x06013204                __interrupt_handler190
                0x060132b8                __interrupt_handler220
                0x06012dc0                __interrupt_handler8
                0x060131c2                __interrupt_handler179
                0x06013378                __interrupt_handler252
 *fill*         0x060133b4        0xc 00
 .text          0x060133c0     0x12a0 ../sbl6/segalib/lib/sega_spr.a(spr_2c.o)
                0x06014620                SlaveFlushDrawPrtyBlock
                0x060133c0                SPR_2Initial
                0x06013c04                SPR_2SysClip
                0x06013ba4                SPR_2LocalCoord
                0x0601449c                SPR_2FlushDrawPrtyBlock
                0x06014188                SPR_2DistSpr
                0x06013b8c                SPR_2FlushDrawPrty
                0x060142ac                SPR_2Cmd
                0x06013888                SPR_2GourTblNoToVram
                0x060138e8                SPR_2GetAreaSizeInfo
                0x06013650                SPR_2SetGourTbl
                0x06013e3c                SPR_2Polygon
                0x060138c4                SPR_2CharNoToVram
                0x060135d0                SPR_2SetTvMode
                0x06013a2c                SPR_2CloseCommand
                0x0601360c                SPR_2FrameEraseData
                0x060133e8                SPR_2Initial2
                0x0601401c                SPR_2ScaleSpr
                0x06013cac                SPR_2Line
                0x06013978                SPR_2OpenCommand
                0x060135ec                SPR_2FrameChgIntr
                0x06013ef8                SPR_2NormSpr
                0x06013680                SPR_2SetLookupTbl
                0x060136b4                SPR_2SetChar
                0x060138ac                SPR_2LookupTblNoToVram
                0x06013d80                SPR_2PolyLine
                0x06013820                SPR_2ClrAllChar
                0x060137d4                SPR_2ClrChar
                0x06013c50                SPR_2UserClip
 .text          0x06014660      0x1e6 ../sbl6/segalib/lib/sega_spr.a(spr_slv.o)
                0x060147c4                SPR_WaitEndSlaveSH
                0x06014660                SPR_SMPC_SSHON
                0x060147a0                SPR_RunSlaveSH
                0x06014664                SPR_InitSlaveSH
                0x0601472c                SPR_SlaveSHmain
                0x06014661                SPR_SMPC_SSHOFF
 *fill*         0x06014846        0xa 00
 .text          0x06014850      0x36a ../sbl6/segalib/lib/sega_spr.a(spr_1c.o)
                0x06014b04                SPR_WaitDrawEnd
                0x06014b1c                SPR_SetEosMode
                0x06014a34                SPR_SetEraseData
                0x06014850                SPR_Initial
                0x06014928                SPR_SetTvMode
                0x060149c0                SPR_GetStatus
 *fill*         0x06014bba        0x6 00
 .text          0x06014bc0      0x244 ../sbl6/segalib/lib/sega_spr.a(spr_2a.o)
                0x06014bd2                sprMemCpyW
                0x06014c30                flushDrawPrtyBlock
                0x06014bc0                sprMemCpyL
                0x06014be4                SPR_2SetDrawPrty
 *fill*         0x06014e04        0xc 00
 .text          0x06014e10      0x2fc ../sbl6/segalib/lib/sega_scl.a(scl_vblv.o)
                0x06014ecc                SCL_DisplayFrame
                0x06014e10                SCL_SetFrameInterval
                0x06014f00                SCL_VblInit
                0x06014f50                SCL_VblankStart
                0x06014f94                SCL_VblankEnd
 *fill*         0x0601510c        0x4 00
 .text          0x06015110      0xb9c ../sbl6/segalib/lib/sega_scl.a(scl_func.o)
                0x06015aec                SCL_Vdp2_SGLInit
                0x060159fc                SCL_PriIntProc
                0x06015974                SCL_Memcpyw
                0x06015c8c                SCL_SglOff
                0x06015c6c                SCL_SglOn
                0x060158e0                SCL_ScrollShow
                0x06015388                SCL_Close
                0x06015680                SCL_Scale
                0x06015110                SCL_Vdp2Init
                0x060154f4                SCL_Move
                0x060157bc                SCL_CopyReg
                0x06015364                SCL_Open
                0x06015194                SCL_ParametersInit
                0x060153a4                SCL_MoveTo
                0x0601599c                SCL_SetColRamMode
 *fill*         0x06015cac        0x4 00
 .text          0x06015cb0      0x1ec ../sbl6/segalib/lib/sega_scl.a(scl_fu01.o)
                0x06015cb0                SCL_SetDisplayMode
 *fill*         0x06015e9c        0x4 00
 .text          0x06015ea0      0x214 ../sbl6/segalib/lib/sega_scl.a(scl_pr07.o)
                0x06015ea0                SCL_SetPriority
 *fill*         0x060160b4        0xc 00
 .text          0x060160c0       0x58 ../sbl6/segalib/lib/sega_scl.a(scl_pr01.o)
                0x060160c0                SCL_SetSpriteMode
 *fill*         0x06016118        0x8 00
 .text          0x06016120      0x4f4 ../sbl6/segalib/lib/sega_scl.a(scl_fu02.o)
                0x06016158                SCL_SetVramConfig
                0x06016120                SCL_InitVramConfigTb
 *fill*         0x06016614        0xc 00
 .text          0x06016620     0x10a4 ../sbl6/segalib/lib/sega_scl.a(scl_pri.o)
                0x060166b4                SCL_AbortAutoVe
                0x06017564                SCL_SetShadowBit
                0x06016b2c                SCL_AutoExec
                0x06016620                SCL_PriorityInit
                0x06017040                SCL_IncColOffset
                0x060166c8                SCL_SetColMixRate
                0x06016698                SCL_GetColRamMode
 *fill*         0x060176c4        0xc 00
 .text          0x060176d0     0x1394 ../sbl6/segalib/lib/sega_scl.a(scl_ro00.o)
                0x060188bc                SCL_RotateZD
                0x06017b84                SCL_Rotate
                0x06017858                SCL_InitRotateTable
 *fill*         0x06018a64        0xc 00
 .text          0x06018a70       0x9c ../sbl6/segalib/lib/sega_scl.a(scl_pr02.o)
                0x06018a70                SCL_SetColRam
 *fill*         0x06018b0c        0x4 00
 .text          0x06018b10       0xac ../sbl6/segalib/lib/sega_scl.a(scl_pr05.o)
                0x06018b10                SCL_GetColRamOffset
 *fill*         0x06018bbc        0x4 00
 .text          0x06018bc0       0xa4 ../sbl6/segalib/lib/sega_mth.a(mth_fixd.o)
                0x06018c10                MTH_FixedToInt
                0x06018c00                MTH_IntToFixed
                0x06018bc0                MTH_Mul
                0x06018c20                MTH_Product
                0x06018be0                MTH_Div
 *fill*         0x06018c64        0xc 00
 .text          0x06018c70      0x600 ../sbl6/segalib/lib/sega_mth.a(mth_tri.o)
                0x06018d0c                fcos
                0x06018d12                fsin
                0x06018cbc                MTH_Cos
                0x06018c70                MTH_Sin
                0x06018eb0                MTH_Atan
 .text          0x06019270      0xf50 ../sbl6/segalib/lib/sega_per.a(per_prt.o)
                0x06019690                PER_IntFunc
                0x06019488                PER_LGetPer
                0x06019270                PER_LInit
 .text          0x0601a1c0     0x1b04 ../sbl6/segalib/lib/sega_sat.a(gfs.o)
                0x0601a1c0                gfs_version
                0x0601b434                gfs_mngGetNumFile
                0x0601bbb4                gfs_closeSub
                0x0601af50                GFS_SetGmode
                0x0601b20c                GFS_SetErrFunc
                0x0601b35c                gfs_mngSetupFuncTbl
                0x0601a518                GFS_Reset
                0x0601b284                gfs_chgRoot
                0x0601b350                gfs_aborttrans
                0x0601b634                gfs_svrAddHndl
                0x0601b4e4                gfs_mngFreeGrp
                0x0601b25c                GFS_ConvTno
                0x0601b7e8                gfs_getRootDir
                0x0601b238                GFS_GetErrStat
                0x0601a688                GFS_Seek
                0x0601acf4                GFS_NwStop
                0x0601b4f0                gfs_mngTermAccess
                0x0601a59c                GFS_Open
                0x0601b49c                GFS_mngAllocGrp
                0x0601bbfc                gfs_isTaskDone
                0x0601a9f4                GFS_Fread
                0x0601b154                GFS_StartTrans
                0x0601bb50                gfs_GetFinfo
                0x0601b390                gfs_mngInitWork
                0x0601a7e0                GFS_ByteToSct
                0x0601b5f4                gfs_svrSearchHndl
                0x0601b8e4                gfs_loadRootDir
                0x0601a43c                GFS_IdToName
                0x0601ab38                GFS_NwFread
                0x0601b084                GFS_SetTransPara
                0x0601ac44                GFS_NwCdRead
                0x0601b724                gfs_loadVol
                0x0601b020                GFS_SetReadPara
                0x0601a73c                GFS_Tell
                0x0601afb4                GFS_SetTmode
                0x0601bab8                GFS_GetFad
                0x0601b0f0                GFS_SetTrFunc
                0x0601b1a0                GFS_CdMovePickup
                0x0601a3d8                GFS_NameToId
                0x0601ae0c                GFS_NwExecOne
                0x0601b96c                gfs_flowIn
                0x0601a894                GFS_GetFileInfo
                0x0601ba14                gfs_transData
                0x0601b670                gfs_svrRemoveHndl
                0x0601acbc                GFS_NwIsComplete
                0x0601bbf0                gfs_getGmode
                0x0601ad60                GFS_NwGetStat
                0x0601b6cc                GFS_OpenSub
                0x0601a370                GFS_SetDir
                0x0601a83c                GFS_GetFileSize
                0x0601a908                GFS_GetNumCdbuf
                0x0601bc50                gfs_convFinStat
                0x0601a930                GFS_Load
                0x0601aa90                gfs_waitRead
                0x0601a2c8                GFS_LoadDir
                0x0601a4a8                GFS_GetDirInfo
                0x0601a650                GFS_Close
                0x0601a1e0                GFS_Init
                0x0601addc                gfs_recovRdErr
                0x0601b574                gfs_mngSetErrCode
                0x0601aecc                GFS_NwExecServer
                0x0601a78c                GFS_IsEof
                0x0601bb10                gfs_SetSct
 *fill*         0x0601bcc4        0xc 00
 .text          0x0601bcd0      0x1f4 ../sbl6/segalib/lib/sega_sat.a(DMA_SCU1.o)
                0x0601be2c                DMA_ScuResult
                0x0601bcd0                DMA_ScuInit
                0x0601bd20                DMA_ScuMemCopy
 *fill*         0x0601bec4        0xc 00
 .text          0x0601bed0      0x8d4 ../sbl6/segalib/lib/sega_sat.a(gfs_cdf.o)
                0x0601c3c4                GFCF_Seek
                0x0601c4cc                GFCF_GetStat
                0x0601c3ac                GFCF_Tell
                0x0601bf70                GFCF_Setup
                0x0601c478                GFCF_cnvIntlvOfs
                0x0601bed0                GFCF_Init
                0x0601c364                GFCF_Recover
                0x0601c0b8                GFCF_SetSct
                0x0601c3dc                GFCF_MovePickup
                0x0601c5a0                gfcf_isCdOk
                0x0601c170                GFCF_FlowInBuf
                0x0601c0fc                GFCF_GetFileInfo
                0x0601c2c4                GFCF_StopInBuf
                0x0601c564                gfcf_getSctSize
                0x0601c660                gfcf_getPlayRange
 *fill*         0x0601c7a4        0xc 00
 .text          0x0601c7b0      0x928 ../sbl6/segalib/lib/sega_sat.a(gfs_dir.o)
                0x0601cca0                gfdr_setNextRec
                0x0601d09c                gfdr_setDirrecCd
                0x0601ca98                gfdr_open
                0x0601c8ac                GFDR_GetAtrDirId
                0x0601cb80                gfdr_readByte
                0x0601c7b0                GFDR_SetupDirTbl
                0x0601cc78                gfdr_readLongNM
                0x0601cd24                gfdr_readDirEnt
                0x0601c8dc                GFDR_ChgRoot
                0x0601c824                GFDR_NameToId
                0x0601c968                gfdr_setupDirIdTbl
                0x0601c8c4                GFDR_GetAtrDirName
                0x0601c884                GFDR_GetInfoDirId
                0x0601cc2c                gfdr_readLongNB
                0x0601cac0                gfdr_read
                0x0601cbac                gfdr_readWord
                0x0601c9ec                gfdr_setupDirNameTbl
                0x0601c898                GFDR_GetInfoDirName
                0x0601c8f4                GFDR_ChgDir
                0x0601cbd8                gfdr_readWordNB
 *fill*         0x0601d0d8        0x8 00
 .text          0x0601d0e0      0xa46 ../sbl6/segalib/lib/sega_sat.a(gfs_trn.o)
                0x0601d1c0                GFTR_SetTransMax
                0x0601d590                gftr_execScu
                0x0601db14                GFTR_SetTransFunc
                0x0601d9dc                gftr_remTrn
                0x0601db00                GFTR_SetData
                0x0601d800                gftr_execSdma1
                0x0601da50                gftr_copyFrac
                0x0601d1b4                GFTR_GetNumTrans
                0x0601d154                GFTR_SetMode
                0x0601d7d0                gftr_remDma0
                0x0601da78                GFTR_GetLenData
                0x0601d584                gftr_reqScu
                0x0601d7e8                gftr_reqDma1
                0x0601d4a0                gftr_getSrcPack
                0x0601dad0                GFTR_RtnDstPk
                0x0601d66c                gfdma_exec
                0x0601d904                gftr_execTrn
                0x0601d398                GFTR_ExecSvr
                0x0601d894                gftr_reqTrn
                0x0601d75c                gfdma_getBytecnt
                0x0601d83c                gftr_reqCpu
                0x0601da9c                GFTR_GetDstPack
                0x0601d794                gftr_reqDma0
                0x0601d320                GFTR_Idle
                0x0601d1d8                GFTR_Pause
                0x0601d1a8                GFTR_GetTransPara
                0x0601d888                gftr_remCpu
                0x0601d174                GFTR_SetTransPara
                0x0601d824                gftr_remDma1
                0x0601d1e4                GFTR_Stop
                0x0601d7ac                gftr_execSdma0
                0x0601d110                GFTR_Setup
                0x0601d62c                gftr_remScu
                0x0601d528                gftr_getDstPack
                0x0601d660                gfdma_canUse
                0x0601d29c                GFTR_Exec
                0x0601daec                GFTR_GetData
                0x0601d1cc                GFTR_Start
                0x0601d168                GFTR_SetUnit
                0x0601d848                gftr_execCpu
                0x0601da84                GFTR_GetLenRoom
 *fill*         0x0601db26        0xa 00
 .text          0x0601db30      0x106 ../sbl6/segalib/lib/sega_sat.a(gfs_buf.o)
                0x0601db88                GFBF_GetNumData
                0x0601dc04                GFBF_RtnPk
                0x0601dbb8                GFBF_GetSrcPk
                0x0601dc2c                gfbf_getSctDt
                0x0601db60                GFBF_GetTranData
                0x0601dbe0                GFBF_GetSctData
 *fill*         0x0601dc36        0xa 00
 .text          0x0601dc40      0x600 ../sbl6/segalib/lib/sega_sat.a(gfs_cdb.o)
                0x0601e1e8                GFCB_GetPickup
                0x0601dd60                GFCB_Close
                0x0601e02c                GFCB_GetSrcPack
                0x0601e1b4                GFCB_SetCon
                0x0601de34                GFCB_GetLenRoom
                0x0601e198                GFCB_MovePickup
                0x0601e10c                GFCB_GetSctData
                0x0601de40                GFCB_SetFilt
                0x0601dd88                GFCB_GetLenData
                0x0601e228                GFCB_UngetPickup
                0x0601dc40                GFCB_Setup
                0x0601ded0                GFCB_Tell
                0x0601e210                GFCB_IsPuOwner
                0x0601df30                GFCB_Seek
                0x0601dea8                GFCB_DeleteAllData
                0x0601e144                GFCB_GetDstPack
                0x0601dee0                gfcb_getSctNum
                0x0601e150                GFCB_RtnPk
 .text          0x0601e240     0x1a04 ../sbl6/segalib/lib/sega_sat.a(gfs_cdc.o)
                0x0601e4dc                GFCD_AllocBuf
                0x0601f2b8                gfcd_doGetLenDataTsk
                0x0601fb54                GFCD_SetCsctFunc
                0x0601e5b4                GFCD_GetBaseFad
                0x0601e730                GFCD_GetFilt
                0x0601f744                gfcd_doChgDirTsk
                0x0601fa84                gfcd_checkEflag
                0x0601ea78                GFCD_MovePickup
                0x0601eb5c                GFCD_GetSctInfo
                0x0601f40c                gfcd_doReqDataTsk
                0x0601eba4                GFCD_ChgDir
                0x0601e898                GFCD_ReqData
                0x0601fb70                GFCD_ChkScdqFlag
                0x0601f028                GFCD_WaitServer
                0x0601e93c                GFCD_DelSctData
                0x0601ee14                GFCD_ExecServer
                0x0601f228                gfcd_doSetConTsk
                0x0601e470                GFCD_AllocFilt
                0x0601e66c                GFCD_SetFilt
                0x0601f064                gfcd_doSetFiltTsk
                0x0601fb94                GFCD_ClrScdqFlag
                0x0601f4ac                gfcd_doDelSctDataTsk
                0x0601ef70                gfcd_doTask
                0x0601e5e8                GFCD_GetPickup
                0x0601eb38                GFCD_CheckMove
                0x0601fbb0                GFCD_WaitScdqFlag
                0x0601e7d0                GFCD_Play
                0x0601f5e0                gfcd_doMoveSctTsk
                0x0601e778                GFCD_SetCon
                0x0601ec18                GFCD_SetFiltCon
                0x0601fbf4                GFCD_WaitPause
                0x0601eddc                GFCD_GetBufSiz
                0x0601e61c                GFCD_UngetPickup
                0x0601ed00                GFCD_GetFileInfo
                0x0601e8f4                GFCD_EndData
                0x0601e510                GFCD_FreeBuf
                0x0601e830                GFCD_GetLenData
                0x0601e4ac                GFCD_FreeFilt
                0x0601eee8                gfcd_isIdleTask
                0x0601e26c                GFCD_Init
                0x0601f940                gfcd_doSetFiltConTsk
                0x0601e9c4                GFCD_GetStat
                0x0601eac4                GFCD_MoveSctData
                0x0601e648                GFCD_IsPuOwner
                0x0601faa8                gfcd_initCdbMng
                0x0601e240                GFCD_SetCdbfs
                0x0601f014                GFCD_SetTimer
                0x0601fb28                gfcd_setStat
                0x0601e994                GFCD_CheckDelSctData
 *fill*         0x0601fc44        0xc 00
 .text          0x0601fc50      0x308 ../sbl6/segalib/lib/sega_sat.a(DMA_SCU0.o)
                0x0601fcd4                DMA_ScuStart
                0x0601fe08                DMA_ScuIntFunc0
                0x0601fe78                DMA_ScuIntFunc1
                0x0601fee8                DMA_ScuIntFunc2
                0x0601fdc8                DMA_ScuGetStatus
                0x0601fc50                DMA_ScuSetPrm
 *fill*         0x0601ff58        0x8 00
 .text          0x0601ff60       0xe8 ../sbl6/segalib/lib/sega_sat.a(csh_main.o)
                0x0601ff60                CSH_Init
                0x0601ffc8                CSH_AllClr
                0x06020014                CSH_Purge
 *fill*         0x06020048        0x8 00
 .text          0x06020050      0x1b6 ../sbl6/segalib/lib/sega_sat.a(DMA_CPU0.o)
                0x06020098                DMA_CpuSetPrm
                0x0602019c                DMA_CpuStart
                0x060201f4                DMA_CpuGetStatus
                0x060201c8                DMA_CpuAllStop
                0x060201dc                DMA_CpuGetComStatus
                0x06020050                DMA_CpuSetComPrm
                0x060201b0                DMA_CpuStop
 *fill*         0x06020206        0xa 00
 .text          0x06020210      0x2dc ../sbl6/segalib/lib/sega_sat.a(cdc_reg.o)
                0x06020264                CDREG_ClrHirqReq
                0x06020234                CDC_ClrHirqReq
                0x060202e4                CDREG_TgetData
                0x060202d4                CDC_GetMpegPtr
                0x060202b0                CDC_GetHirqMsk
                0x06020210                CDC_GetDataPtr
                0x06020220                CDC_GetHirqReq
                0x06020440                CDREG_WaitHirq
                0x060202c4                CDC_SetHirqMsk
                0x06020340                CDREG_CmdRsp
                0x06020274                CDREG_InitHirqReq
                0x0602029c                CDREG_SetHirqFlag
                0x060204b0                CDREG_ReadRsp
 *fill*         0x060204ec        0x4 00
 .text          0x060204f0      0x194 ../sbl6/segalib/lib/sega_sat.a(cdc_cfs.o)
                0x060204f0                CDC_ChgDir
                0x06020524                CDC_ReadDir
                0x06020648                CDC_AbortFile
                0x06020558                CDC_GetFileScope
                0x060205b8                CDC_TgetFileInfo
                0x06020614                CDC_ReadFile
 *fill*         0x06020684        0xc 00
 .text          0x06020690      0x3a0 ../sbl6/segalib/lib/sega_sat.a(cdc_cmn.o)
                0x06020834                CDC_TgetToc
                0x060209d8                CDC_DataEnd
                0x060206f8                CDC_GetPeriStat
                0x0602096c                CDC_DataReady
                0x06020944                CDC_CdOpen
                0x060208c0                CDC_CdInit
                0x06020884                CDC_GetSes
                0x060206e0                CDC_GetLastStat
                0x06020690                CDC_GetCurStat
                0x060207cc                CDC_GetHwInfo
 .text          0x06020a30      0x1e4 ../sbl6/segalib/lib/sega_sat.a(cdc_bio.o)
                0x06020adc                CDC_GetdelSctData
                0x06020a64                CDC_GetSctData
                0x06020b18                CDC_PutSctData
                0x06020b94                CDC_MoveSctData
                0x06020bd8                CDC_GetCopyErr
                0x06020aa0                CDC_DelSctData
                0x06020a30                CDC_SetSctLen
                0x06020b50                CDC_CopySctData
 *fill*         0x06020c14        0xc 00
 .text          0x06020c20      0x2b8 ../sbl6/segalib/lib/sega_sat.a(cdc_sel.o)
                0x06020e50                CDC_GetFiltCon
                0x06020dcc                CDC_GetFiltMode
                0x06020ea4                CDC_ResetSelector
                0x06020c20                CDC_SetFiltRange
                0x06020cac                CDC_SetFiltSubh
                0x06020d1c                CDC_GetFiltSubh
                0x06020c54                CDC_GetFiltRange
                0x06020d98                CDC_SetFiltMode
                0x06020e10                CDC_SetFiltCon
 *fill*         0x06020ed8        0x8 00
 .text          0x06020ee0      0x130 ../sbl6/segalib/lib/sega_sat.a(cdc_drv.o)
                0x06020ee0                CDC_CdPlay
                0x06020fac                CDC_CdSeek
                0x06020fe0                CDC_CdScan
 .text          0x06021010      0x270 ../sbl6/segalib/lib/sega_sat.a(cdc_bif.o)
                0x0602106c                CDC_GetSctNum
                0x060211ec                CDC_ExeFadSearch
                0x0602116c                CDC_GetSctInfo
                0x060210b0                CDC_CalActSiz
                0x06021010                CDC_GetBufSiz
                0x060210ec                CDC_GetActSiz
                0x06021224                CDC_GetFadSearch
 .text          0x06021280       0xa8 ../sbl6/segalib/lib/sega_sat.a(cdc_dev.o)
                0x060212ec                CDC_CdGetLastBuf
                0x06021280                CDC_CdSetCon
                0x060212b0                CDC_CdGetCon
 *fill*         0x06021328        0x8 00
 .text          0x06021330      0x152 ../sbl6/segalib/lib/sega_sat.a(cdc_sub.o)
                0x060213d8                CDSUB_GetCdstat
                0x06021348                CDSUB_UpdCdstat
                0x06021418                CDSUB_RspToCdstat
                0x06021460                CDSUB_SoftTimer
                0x06021330                CDSUB_UpdStatus
                0x06021368                CDSUB_CdCmd
 *fill*         0x06021482        0xe 00
 .text          0x06021490       0x60 C:/saturn/SH_COFF/sh-coff/bin/../lib/gcc/sh-coff/3.4-GNUSH_v0501\libgcc.a(_ashiftrt.o)
                0x0602149c                __ashiftrt_r4_27
                0x060214d0                __ashiftrt_r4_6
                0x060214c0                __ashiftrt_r4_14
                0x060214b2                __ashiftrt_r4_19
                0x060214ca                __ashiftrt_r4_9
                0x060214de                __ashiftrt_r4_0
                0x06021490                __ashiftrt_r4_31
                0x0602149e                __ashiftrt_r4_26
                0x060214ac                __ashiftrt_r4_22
                0x060214b8                __ashiftrt_r4_16
                0x060214c4                __ashiftrt_r4_12
                0x06021498                __ashiftrt_r4_29
                0x060214b6                __ashiftrt_r4_17
                0x06021496                __ashiftrt_r4_30
                0x060214d2                __ashiftrt_r4_5
                0x060214cc                __ashiftrt_r4_8
                0x06021490                __ashiftrt_r4_32
                0x060214a0                __ashiftrt_r4_25
                0x060214d8                __ashiftrt_r4_2
                0x060214a2                __ashiftrt_r4_24
                0x060214be                __ashiftrt_r4_15
                0x060214c8                __ashiftrt_r4_10
                0x060214da                __ashiftrt_r4_1
                0x0602149a                __ashiftrt_r4_28
                0x060214b0                __ashiftrt_r4_20
                0x060214ce                __ashiftrt_r4_7
                0x060214c2                __ashiftrt_r4_13
                0x060214c6                __ashiftrt_r4_11
                0x060214d4                __ashiftrt_r4_4
                0x060214aa                __ashiftrt_r4_23
                0x060214b4                __ashiftrt_r4_18
                0x060214ae                __ashiftrt_r4_21
                0x060214d6                __ashiftrt_r4_3
 .text          0x060214f0       0xa0 C:/saturn/SH_COFF/sh-coff/bin/../lib/gcc/sh-coff/3.4-GNUSH_v0501\libgcc.a(__main.o)
                0x06021564                __main
                0x060214f0                __do_global_dtors
                0x06021524                __do_global_ctors
 .text          0x06021590       0xb0 C:/saturn/SH_COFF/sh-coff/bin/../lib/gcc/sh-coff/3.4-GNUSH_v0501\libgcc.a(_si_to_df.o)
                0x06021590                __floatsidf
 .text          0x06021640      0x2e0 C:/saturn/SH_COFF/sh-coff/bin/../lib/gcc/sh-coff/3.4-GNUSH_v0501\libgcc.a(_mul_df.o)
                0x06021650                __muldf3
 .text          0x06021920       0x80 C:/saturn/SH_COFF/sh-coff/bin/../lib/gcc/sh-coff/3.4-GNUSH_v0501\libgcc.a(_df_to_si.o)
                0x06021920                __fixdfsi
 .text          0x060219a0       0x70 C:/saturn/SH_COFF/sh-coff/bin/../lib/gcc/sh-coff/3.4-GNUSH_v0501\libgcc.a(_udivsi3.o)
                0x060219c2                __udivsi3
 .text          0x06021a10       0xa0 C:/saturn/SH_COFF/sh-coff/bin/../lib/gcc/sh-coff/3.4-GNUSH_v0501\libgcc.a(_sdivsi3.o)
                0x06021a10                __sdivsi3
 .text          0x06021ab0      0x220 C:/saturn/SH_COFF/sh-coff/bin/../lib/gcc/sh-coff/3.4-GNUSH_v0501\libgcc.a(_pack_df.o)
                0x06021ac0                __pack_d
 .text          0x06021cd0      0x120 C:/saturn/SH_COFF/sh-coff/bin/../lib/gcc/sh-coff/3.4-GNUSH_v0501\libgcc.a(_unpack_df.o)
                0x06021ce0                __unpack_d
 .text          0x06021df0       0x20 C:/saturn/SH_COFF/sh-coff/bin/../lib/gcc/sh-coff/3.4-GNUSH_v0501\libgcc.a(_thenan_df.o)
                0x06021df0                __thenan_df
 .text          0x06021e10       0xd0 C:/saturn/SH_COFF/sh-coff/bin/../lib/gcc/sh-coff/3.4-GNUSH_v0501\libgcc.a(_muldi3.o)
                0x06021e10                __muldi3
 .text          0x06021ee0       0x80 C:/saturn/SH_COFF/sh-coff/bin/../lib/gcc/sh-coff/3.4-GNUSH_v0501\libgcc.a(_lshrdi3.o)
                0x06021ee0                __lshrdi3
 .text          0x06021f60       0x80 C:/saturn/SH_COFF/sh-coff/bin/../lib/gcc/sh-coff/3.4-GNUSH_v0501\libgcc.a(_ashldi3.o)
                0x06021f60                __ashldi3
 .text          0x06021fe0       0x30 C:/saturn/SH_COFF/sh-coff/bin/../lib/gcc/sh-coff/3.4-GNUSH_v0501\libgcc.a(_mulsi3.o)
                0x06021fe0                __mulsi3
 .text          0x06022010       0x90 C:/saturn/SH_COFF/sh-coff/bin/../lib/gcc/sh-coff/3.4-GNUSH_v0501\libgcc.a(_ashiftlt.o)
                0x06022010                __ashlsi3
 .text          0x060220a0       0x90 C:/saturn/SH_COFF/sh-coff/bin/../lib/gcc/sh-coff/3.4-GNUSH_v0501\libgcc.a(_lshiftrt.o)
                0x060220a0                __lshrsi3
 .text          0x06022130       0xa0 C:/saturn/SH_COFF/sh-coff/bin/../lib/gcc/sh-coff/3.4-GNUSH_v0501/../../../../sh-coff/lib\libc.a(memcpy.o)
                0x06022130                memcpy
 .text          0x060221d0       0x20 C:/saturn/SH_COFF/sh-coff/bin/../lib/gcc/sh-coff/3.4-GNUSH_v0501/../../../../sh-coff/lib\libc.a(strlen.o)
                0x060221d0                strlen
 .text          0x060221f0       0x40 C:/saturn/SH_COFF/sh-coff/bin/../lib/gcc/sh-coff/3.4-GNUSH_v0501/../../../../sh-coff/lib\libc.a(memset.o)
                0x060221f0                memset
 .text          0x06022230       0x60 C:/saturn/SH_COFF/sh-coff/bin/../lib/gcc/sh-coff/3.4-GNUSH_v0501/../../../../sh-coff/lib\libc.a(memcmp.o)
                0x06022230                memcmp
 .text          0x06022290       0xb0 C:/saturn/SH_COFF/sh-coff/bin/../lib/gcc/sh-coff/3.4-GNUSH_v0501/../../../../sh-coff/lib\libc.a(strncmp.o)
                0x06022290                strncmp
 .text          0x06022340       0xa0 C:/saturn/SH_COFF/sh-coff/bin/../lib/gcc/sh-coff/3.4-GNUSH_v0501/../../../../sh-coff/lib\libc.a(strncpy.o)
                0x06022340                strncpy
 .text          0x060223e0       0x90 C:/saturn/SH_COFF/sh-coff/bin/../lib/gcc/sh-coff/3.4-GNUSH_v0501/../../../../sh-coff/lib\libc.a(atexit.o)
                0x060223e0                atexit
 .text          0x06022470       0x10 C:/saturn/SH_COFF/sh-coff/bin/../lib/gcc/sh-coff/3.4-GNUSH_v0501/../../../../sh-coff/lib\libc.a(impure.o)
                0x06022470                _global_impure_ptr
 .text          0x06022480       0x40 C:/saturn/SH_COFF/sh-coff/bin/../lib/gcc/sh-coff/3.4-GNUSH_v0501/../../../../sh-coff/lib\libc.a(malloc.o)
                0x0602249c                free
                0x06022480                malloc
 .text          0x060224c0      0x5b0 C:/saturn/SH_COFF/sh-coff/bin/../lib/gcc/sh-coff/3.4-GNUSH_v0501/../../../../sh-coff/lib\libc.a(mallocr.o)
                0x060224c0                _malloc_r
 .text          0x06022a70      0x340 C:/saturn/SH_COFF/sh-coff/bin/../lib/gcc/sh-coff/3.4-GNUSH_v0501/../../../../sh-coff/lib\libc.a(freer.o)
                0x06022a70                _malloc_trim_r
                0x06022b64                _free_r
 .text          0x06022db0       0x20 C:/saturn/SH_COFF/sh-coff/bin/../lib/gcc/sh-coff/3.4-GNUSH_v0501/../../../../sh-coff/lib\libc.a(mlock.o)
                0x06022db0                __malloc_lock
                0x06022dbc                __malloc_unlock
 .text          0x06022dd0       0x50 C:/saturn/SH_COFF/sh-coff/bin/../lib/gcc/sh-coff/3.4-GNUSH_v0501/../../../../sh-coff/lib\libc.a(sbrkr.o)
                0x06022dd0                _sbrk_r
 .text          0x06022e20      0x380 C:/saturn/SH_COFF/sh-coff/bin/../lib/gcc/sh-coff/3.4-GNUSH_v0501/../../../../sh-coff/lib\libc.a(syscalls.o)
                0x06022f8c                _exit
                0x06022fc0                _getpid
                0x06023028                _utime
                0x06022e58                _write
                0x06022e20                _read
                0x06022f74                _unlink
                0x06022f3c                _open
                0x06022fd8                _stat
                0x06022f80                isatty
                0x06023058                _wait
                0x06022fa4                _kill
                0x06022ff4                _chmod
                0x06023088                _execv
                0x0602306c                _execve
                0x06023164                __setup_argv_and_call_main
                0x060230c0                _gettimeofday
                0x06022e8c                _link
                0x06022fcc                _raise
                0x06022f58                _creat
                0x060230a0                _pipe
                0x0602300c                _chown
                0x06022e3c                _lseek
                0x06022e74                _close
                0x060230b4                _times
                0x06022f28                _fstat
                0x06023044                _fork
                0x06022eb4                _sbrk
 .text          0x060231a0       0x20 C:/saturn/SH_COFF/sh-coff/bin/../lib/gcc/sh-coff/3.4-GNUSH_v0501/../../../../sh-coff/lib\libc.a(trap.o)
                0x060231a0                __trap34
 .text          0x060231c0       0x20 C:/saturn/SH_COFF/sh-coff/bin/../lib/gcc/sh-coff/3.4-GNUSH_v0501/../../../../sh-coff/lib\libc.a(abort.o)
                0x060231c0                abort
 .text          0x060231e0      0x270 C:/saturn/SH_COFF/sh-coff/bin/../lib/gcc/sh-coff/3.4-GNUSH_v0501/../../../../sh-coff/lib\libc.a(signal.o)
                0x060232a0                _raise_r
                0x06023428                __sigtramp
                0x060233d4                raise
                0x06023410                _init_signal
                0x06023360                __sigtramp_r
                0x060233f0                signal
                0x0602322c                _signal_r
                0x060231e0                _init_signal_r
 .text          0x06023450       0x60 C:/saturn/SH_COFF/sh-coff/bin/../lib/gcc/sh-coff/3.4-GNUSH_v0501/../../../../sh-coff/lib\libc.a(signalr.o)
                0x06023498                _getpid_r
                0x06023450                _kill_r
 *(.strings)

.tors           0x060234b0        0x0
                0x060234b0                ___ctors = .
 *(.ctors)
                0x060234b0                ___ctors_end = .
                0x060234b0                ___dtors = .
 *(.dtors)
                0x060234b0                ___dtors_end = .

.data           0x060234b0     0x10e0
                0x060234b0                STARTOF_R = .
 *(.data)
 .data          0x060234b0      0x400 ../sbl6/segasmp/per/smpclib/per_x1.o
 .data          0x060238b0       0x10 src/img.o
                0x060238b0                IMG_NAME_LUT
 .data          0x060238c0       0x60 src/main.o
 .data          0x06023920      0x400 ../sbl6/segalib/lib/sega_int.a(int.o)
 .data          0x06023d20       0x1c ../sbl6/segalib/lib/sega_spr.a(spr_slv.o)
                0x06023d28                SPR_SlaveParam
                0x06023d38                SPR_SMPC_SF
                0x06023d30                SPR_SMPC_COM
                0x06023d2c                SPR_SlaveSHEntry
                0x06023d24                SPR_SlaveState
                0x06023d20                SPR_SlaveCommand
                0x06023d34                SPR_SMPC_RET
 *fill*         0x06023d3c        0x4 00
 .data          0x06023d40       0x34 ../sbl6/segalib/lib/sega_spr.a(spr_1c.o)
                0x06023d40                SpInitialFlag
 *fill*         0x06023d74        0xc 00
 .data          0x06023d80       0x1c ../sbl6/segalib/lib/sega_scl.a(scl_vblv.o)
                0x06023d88                VBInterval
                0x06023d90                ReqDisplayFlag
                0x06023d80                SpFrameChgMode
                0x06023d8c                VBIntervalCounter
                0x06023d84                SpFrameEraseMode
 *fill*         0x06023d9c        0x4 00
 .data          0x06023da0       0x36 ../sbl6/segalib/lib/sega_scl.a(scl_func.o)
                0x06023db0                SclRotregBuff
                0x06023dac                SclDisplayY
                0x06023db4                SclRotateTableMode
                0x06023da8                SclProcess
                0x06023da4                SclCurSclNum
                0x06023da0                SclLengthLsTbl
                0x06023daa                SclDisplayX
                0x06023da2                SclLengthCsTbl
 *fill*         0x06023dd6        0xa 00
 .data          0x06023de0       0x18 ../sbl6/segalib/lib/sega_scl.a(scl_pri.o)
                0x06023de4                SclRealSpPriNum
                0x06023df4                SclRealColOffset
                0x06023df0                SclRealBgColMix
                0x06023dec                SclRealSpColMix
                0x06023de8                SclRealBgPriNum
                0x06023de0                SclRealOtherPri
 *fill*         0x06023df8        0x8 00
 .data          0x06023e00      0x380 C:/saturn/SH_COFF/sh-coff/bin/../lib/gcc/sh-coff/3.4-GNUSH_v0501/../../../../sh-coff/lib\libc.a(impure.o)
                0x0602417c                _impure_ptr
 .data          0x06024180      0x410 C:/saturn/SH_COFF/sh-coff/bin/../lib/gcc/sh-coff/3.4-GNUSH_v0501/../../../../sh-coff/lib\libc.a(mallocr.o)
                0x06024188                __malloc_av_
                0x06024184                __malloc_trim_threshold
                0x06024180                __malloc_sbrk_base
                0x06024590                SIZEOF_R = (. - STARTOF_R)
                0x06024590                ENDOF_R = .

.bss            0x06024590     0xe8b4
                0x06024590                STARTOF_B = .
 *(.bss)
 .bss           0x06024590       0xd0 ../sbl6/segasmp/per/smpclib/per_x2.o
 .bss           0x06024660     0xa810 src/main.o
 .bss           0x0602ee70       0x6e ../sbl6/segalib/lib/sega_spr.a(spr_2c.o)
 *fill*         0x0602eede        0x2 00
 .bss           0x0602eee0        0x4 ../sbl6/segalib/lib/sega_scl.a(scl_vblv.o)
 *fill*         0x0602eee4        0xc 00
 .bss           0x0602eef0        0x4 ../sbl6/segalib/lib/sega_scl.a(scl_func.o)
 *fill*         0x0602eef4        0xc 00
 .bss           0x0602ef00       0x48 ../sbl6/segalib/lib/sega_scl.a(scl_ro00.o)
 *fill*         0x0602ef48        0x8 00
 .bss           0x0602ef50       0x9c ../sbl6/segalib/lib/sega_per.a(per_prt.o)
 *fill*         0x0602efec        0x4 00
 .bss           0x0602eff0        0xc ../sbl6/segalib/lib/sega_sat.a(DMA_SCU1.o)
 *fill*         0x0602effc        0x4 00
 .bss           0x0602f000        0xc ../sbl6/segalib/lib/sega_sat.a(gfs_trn.o)
 *fill*         0x0602f00c        0x4 00
 .bss           0x0602f010       0x20 ../sbl6/segalib/lib/sega_sat.a(DMA_SCU0.o)
 .bss           0x0602f030        0x2 ../sbl6/segalib/lib/sega_sat.a(cdc_reg.o)
 *fill*         0x0602f032        0xe 00
 .bss           0x0602f040        0xc ../sbl6/segalib/lib/sega_sat.a(cdc_sub.o)
 *fill*         0x0602f04c        0x4 00
 .bss           0x0602f050       0x10 C:/saturn/SH_COFF/sh-coff/bin/../lib/gcc/sh-coff/3.4-GNUSH_v0501\libgcc.a(__main.o)
 .bss           0x0602f060       0x10 C:/saturn/SH_COFF/sh-coff/bin/../lib/gcc/sh-coff/3.4-GNUSH_v0501/../../../../sh-coff/lib\libc.a(atexit.o)
 .bss           0x0602f070       0x40 C:/saturn/SH_COFF/sh-coff/bin/../lib/gcc/sh-coff/3.4-GNUSH_v0501/../../../../sh-coff/lib\libc.a(mallocr.o)
                0x0602f0a0                __malloc_top_pad
                0x0602f070                __malloc_current_mallinfo
                0x0602f09c                __malloc_max_sbrked_mem
                0x0602f098                __malloc_max_total_mem
 .bss           0x0602f0b0       0x10 C:/saturn/SH_COFF/sh-coff/bin/../lib/gcc/sh-coff/3.4-GNUSH_v0501/../../../../sh-coff/lib\libc.a(syscalls.o)
 *(COMMON)
 COMMON         0x0602f0c0     0x1b0c src/cd.o
                                  0x0 (size before relaxing)
                0x0602f0c0                dirname
                0x0602fa20                lib_work
                0x06030bc0                directory_table
 *fill*         0x06030bcc        0x4 00
 COMMON         0x06030bd0      0x800 src/img.o
                                  0x0 (size before relaxing)
                0x06030bd0                IMG_CHAR_LUT
 COMMON         0x060313d0      0x400 ../sbl6/segalib/lib/sega_int.a(int.o)
                                  0x0 (size before relaxing)
                0x060313d0                __interrupt_vector
 COMMON         0x060317d0       0x50 ../sbl6/segalib/lib/sega_spr.a(spr_2c.o)
                                  0x0 (size before relaxing)
                0x060317d0                SpMstCmd
                0x060317d4                Sp2OpenFlag
                0x060317d8                SpGourTblMax
                0x060317dc                SpDrawPrtyBlk
                0x060317e0                SpLCoordX
                0x060317e4                SpMstDrawPrtyBlk
                0x060317e8                SpGourTbl
                0x060317ec                SpLookupTblR
                0x060317f0                SpCmdTbl
                0x060317f4                SpCharMax
                0x060317f8                SpDrawPrtyProcFlag
                0x060317fc                SpCmdNo
                0x06031800                SpDrawPrtyBlkMax
                0x06031804                SpSlvCmdPos
                0x06031808                SpSlvDrawPrtyBlk
                0x0603180c                SpCharTbl
                0x06031810                SpCmdTblR
                0x06031814                SpMstCmdPos
                0x06031818                SpSlvCmd
                0x0603181c                SpLCoordY
 COMMON         0x06031820       0x10 ../sbl6/segalib/lib/sega_spr.a(spr_1c.o)
                                  0x0 (size before relaxing)
                0x06031820                SpScreenY
                0x06031824                SpFbcrMode
                0x06031826                SpDil
                0x06031828                SpDie
                0x0603182a                SpTvMode
                0x0603182c                SpScreenX
 COMMON         0x06031830      0xf00 ../sbl6/segalib/lib/sega_scl.a(scl_func.o)
                                  0x0 (size before relaxing)
                0x06031830                SclRbgKtbAddr
                0x06031838                SclRb
                0x0603183a                Scl_flag
                0x06031840                SclK_TableBuff
                0x06032510                SclAddrCsTbl
                0x06032520                Scl_s_reg
                0x06032548                SclRotateXy
                0x06032550                Scl_d_reg
                0x06032598                SclRotateDisp
                0x060325a0                SclRotateMoveZ
                0x060325a8                SclRotXySw
                0x060325b0                Scl_r_reg
                0x060325c0                SclRPMD
                0x060325c8                SclRbgKtbOffset
                0x060325d0                _SclRotregBuff
                0x060326a0                SclRa
                0x060326a8                SclRotateZ
                0x060326b0                SclAddrLsTbl
                0x060326b8                SclK_TableNum
                0x060326c0                SclRotateTableAddress
                0x060326c4                SclK_TableFlag
                0x060326d0                Scl_w_reg
                0x060326f0                Scl_n_reg
 COMMON         0x06032730      0x6b0 ../sbl6/segalib/lib/sega_scl.a(scl_pri.o)
                                  0x0 (size before relaxing)
                0x06032730                SclAutoEndBlue2
                0x06032740                SclColOffset
                0x06032750                SclPriBuffDirty
                0x06032752                SclAutoEndRed
                0x06032754                SclAutoSurface
                0x06032758                SclAutoGreen
                0x0603275a                SclAutoEndGreen
                0x0603275c                SclAutoCount
                0x06032760                SclColRamAlloc256
                0x06032780                SclAutoCurRate
                0x06032781                SclAutoPlusFlag
                0x06032788                SclSpColMix
                0x06032790                SclAutoMax
                0x06032794                SclLineColRamOffset
                0x06032798                SclColRamAlloc2048
                0x0603279c                SclBgPriNum
                0x060327a2                SclAutoEndBlue
                0x060327a4                SclAutoEndGreen2
                0x060327a6                SclAutoVeFlag
                0x060327a8                SclBgColMix
                0x060327b0                SclAutoIndex
                0x060327b4                SclAutoEndRate
                0x060327b6                SclAutoBlue
                0x060327b8                SclAutoRed
                0x060327bc                SclAutoInterval
                0x060327c0                SclOtherPri
                0x060327d0                SclAutoRGB
                0x06032dd0                SclAutoEndRed2
                0x06032dd8                SclSpPriNum
 COMMON         0x06032de0       0x10 ../sbl6/segalib/lib/sega_scl.a(scl_ro00.o)
                                  0x0 (size before relaxing)
                0x06032de0                SclCsx
                0x06032de8                SclCsy
 COMMON         0x06032df0       0x15 ../sbl6/segalib/lib/sega_per.a(per_prt.o)
                                  0x0 (size before relaxing)
                0x06032df0                per_get_time_flg
                0x06032df1                per_hot_res
                0x06032df2                per_set_sys_flg
                0x06032df4                per_get_time_adr
                0x06032df8                per_get_sys_data
                0x06032e04                per_time_out_flg
 *fill*         0x06032e05        0xb 00
 COMMON         0x06032e10        0xc ../sbl6/segalib/lib/sega_sat.a(gfs.o)
                                  0x0 (size before relaxing)
                0x06032e10                GFMC_base
                0x06032e14                gfs_mng_ptr
                0x06032e18                gfs_use_scudma
 *fill*         0x06032e1c        0x4 00
 COMMON         0x06032e20        0x8 ../sbl6/segalib/lib/sega_sat.a(gfs_cdf.o)
                                  0x0 (size before relaxing)
                0x06032e20                gfcf_fad
                0x06032e24                gfcf_stat
 *fill*         0x06032e28        0x8 00
 COMMON         0x06032e30        0xc ../sbl6/segalib/lib/sega_sat.a(gfs_cdc.o)
                                  0x0 (size before relaxing)
                0x06032e30                gfcd_fatal_err
                0x06032e34                gfcd_work
                0x06032e38                gfcd_playflag
 *fill*         0x06032e3c        0x4 00
 COMMON         0x06032e40        0x4 C:/saturn/SH_COFF/sh-coff/bin/../lib/gcc/sh-coff/3.4-GNUSH_v0501/../../../../sh-coff/lib\libc.a(syscalls.o)
                                  0x0 (size before relaxing)
                0x06032e40                errno
                0x06032e44                SIZEOF_B = (. - STARTOF_B)
                0x06032e44                ENDOF_B = .
                0x06032e44                _end = .
OUTPUT(src/main.cof coff-sh)

.comment        0x06032e50      0x400
 .comment       0x06032e50       0x20 ../sbl6/segasmp/lib/strt2_g.o
 .comment       0x06032e70       0x20 ../sbl6/segasmp/per/smpclib/per_x1.o
 .comment       0x06032e90       0x20 ../sbl6/segasmp/per/smpclib/per_x2.o
 .comment       0x06032eb0       0x20 src/vblank.o
 .comment       0x06032ed0       0x20 src/sinlut.o
 .comment       0x06032ef0       0x20 src/cd.o
 .comment       0x06032f10       0x20 src/img.o
 .comment       0x06032f30       0x20 src/main.o
 .comment       0x06032f50       0x20 C:/saturn/SH_COFF/sh-coff/bin/../lib/gcc/sh-coff/3.4-GNUSH_v0501\libgcc.a(__main.o)
 .comment       0x06032f70       0x20 C:/saturn/SH_COFF/sh-coff/bin/../lib/gcc/sh-coff/3.4-GNUSH_v0501\libgcc.a(_si_to_df.o)
 .comment       0x06032f90       0x20 C:/saturn/SH_COFF/sh-coff/bin/../lib/gcc/sh-coff/3.4-GNUSH_v0501\libgcc.a(_mul_df.o)
 .comment       0x06032fb0       0x20 C:/saturn/SH_COFF/sh-coff/bin/../lib/gcc/sh-coff/3.4-GNUSH_v0501\libgcc.a(_df_to_si.o)
 .comment       0x06032fd0       0x20 C:/saturn/SH_COFF/sh-coff/bin/../lib/gcc/sh-coff/3.4-GNUSH_v0501\libgcc.a(_pack_df.o)
 .comment       0x06032ff0       0x20 C:/saturn/SH_COFF/sh-coff/bin/../lib/gcc/sh-coff/3.4-GNUSH_v0501\libgcc.a(_unpack_df.o)
 .comment       0x06033010       0x20 C:/saturn/SH_COFF/sh-coff/bin/../lib/gcc/sh-coff/3.4-GNUSH_v0501\libgcc.a(_thenan_df.o)
 .comment       0x06033030       0x20 C:/saturn/SH_COFF/sh-coff/bin/../lib/gcc/sh-coff/3.4-GNUSH_v0501\libgcc.a(_muldi3.o)
 .comment       0x06033050       0x20 C:/saturn/SH_COFF/sh-coff/bin/../lib/gcc/sh-coff/3.4-GNUSH_v0501\libgcc.a(_lshrdi3.o)
 .comment       0x06033070       0x20 C:/saturn/SH_COFF/sh-coff/bin/../lib/gcc/sh-coff/3.4-GNUSH_v0501\libgcc.a(_ashldi3.o)
 .comment       0x06033090       0x20 C:/saturn/SH_COFF/sh-coff/bin/../lib/gcc/sh-coff/3.4-GNUSH_v0501/../../../../sh-coff/lib\libc.a(memcmp.o)
 .comment       0x060330b0       0x20 C:/saturn/SH_COFF/sh-coff/bin/../lib/gcc/sh-coff/3.4-GNUSH_v0501/../../../../sh-coff/lib\libc.a(strncmp.o)
 .comment       0x060330d0       0x20 C:/saturn/SH_COFF/sh-coff/bin/../lib/gcc/sh-coff/3.4-GNUSH_v0501/../../../../sh-coff/lib\libc.a(strncpy.o)
 .comment       0x060330f0       0x20 C:/saturn/SH_COFF/sh-coff/bin/../lib/gcc/sh-coff/3.4-GNUSH_v0501/../../../../sh-coff/lib\libc.a(atexit.o)
 .comment       0x06033110       0x20 C:/saturn/SH_COFF/sh-coff/bin/../lib/gcc/sh-coff/3.4-GNUSH_v0501/../../../../sh-coff/lib\libc.a(impure.o)
 .comment       0x06033130       0x20 C:/saturn/SH_COFF/sh-coff/bin/../lib/gcc/sh-coff/3.4-GNUSH_v0501/../../../../sh-coff/lib\libc.a(malloc.o)
 .comment       0x06033150       0x20 C:/saturn/SH_COFF/sh-coff/bin/../lib/gcc/sh-coff/3.4-GNUSH_v0501/../../../../sh-coff/lib\libc.a(mallocr.o)
 .comment       0x06033170       0x20 C:/saturn/SH_COFF/sh-coff/bin/../lib/gcc/sh-coff/3.4-GNUSH_v0501/../../../../sh-coff/lib\libc.a(freer.o)
 .comment       0x06033190       0x20 C:/saturn/SH_COFF/sh-coff/bin/../lib/gcc/sh-coff/3.4-GNUSH_v0501/../../../../sh-coff/lib\libc.a(mlock.o)
 .comment       0x060331b0       0x20 C:/saturn/SH_COFF/sh-coff/bin/../lib/gcc/sh-coff/3.4-GNUSH_v0501/../../../../sh-coff/lib\libc.a(sbrkr.o)
 .comment       0x060331d0       0x20 C:/saturn/SH_COFF/sh-coff/bin/../lib/gcc/sh-coff/3.4-GNUSH_v0501/../../../../sh-coff/lib\libc.a(syscalls.o)
 .comment       0x060331f0       0x20 C:/saturn/SH_COFF/sh-coff/bin/../lib/gcc/sh-coff/3.4-GNUSH_v0501/../../../../sh-coff/lib\libc.a(abort.o)
 .comment       0x06033210       0x20 C:/saturn/SH_COFF/sh-coff/bin/../lib/gcc/sh-coff/3.4-GNUSH_v0501/../../../../sh-coff/lib\libc.a(signal.o)
 .comment       0x06033230       0x20 C:/saturn/SH_COFF/sh-coff/bin/../lib/gcc/sh-coff/3.4-GNUSH_v0501/../../../../sh-coff/lib\libc.a(signalr.o)
