Archive member included because of file (symbol)

../sbl6/segalib/lib/sega_int.a(int.o)
                              src/vblank.o (INT_SetScuFunc)
../sbl6/segalib/lib/sega_int.a(int_trmp.o)
                              ../sbl6/segalib/lib/sega_int.a(int.o) (__interrupt_handler0)
../sbl6/segalib/lib/sega_spr.a(spr_2c.o)
                              src/main.o (SPR_2Initial)
../sbl6/segalib/lib/sega_spr.a(spr_slv.o)
                              ../sbl6/segalib/lib/sega_spr.a(spr_2c.o) (SPR_InitSlaveSH)
../sbl6/segalib/lib/sega_spr.a(spr_1c.o)
                              ../sbl6/segalib/lib/sega_spr.a(spr_2c.o) (SPR_Initial)
../sbl6/segalib/lib/sega_spr.a(spr_2a.o)
                              ../sbl6/segalib/lib/sega_spr.a(spr_2c.o) (SPR_2SetDrawPrty)
../sbl6/segalib/lib/sega_scl.a(scl_vblv.o)
                              ../sbl6/segalib/lib/sega_spr.a(spr_1c.o) (SpFrameChgMode)
../sbl6/segalib/lib/sega_scl.a(scl_func.o)
                              src/main.o (SCL_Vdp2Init)
../sbl6/segalib/lib/sega_scl.a(scl_fu01.o)
                              src/main.o (SCL_SetDisplayMode)
../sbl6/segalib/lib/sega_scl.a(scl_pr07.o)
                              src/main.o (SCL_SetPriority)
../sbl6/segalib/lib/sega_scl.a(scl_pr01.o)
                              src/main.o (SCL_SetSpriteMode)
../sbl6/segalib/lib/sega_scl.a(scl_fu02.o)
                              src/main.o (SCL_SetVramConfig)
../sbl6/segalib/lib/sega_scl.a(scl_pri.o)
                              ../sbl6/segalib/lib/sega_scl.a(scl_func.o) (SclRealOtherPri)
../sbl6/segalib/lib/sega_scl.a(scl_ro00.o)
                              ../sbl6/segalib/lib/sega_scl.a(scl_func.o) (SCL_Rotate)
../sbl6/segalib/lib/sega_scl.a(scl_pr02.o)
                              ../sbl6/segalib/lib/sega_scl.a(scl_pri.o) (SCL_SetColRam)
../sbl6/segalib/lib/sega_scl.a(scl_pr05.o)
                              ../sbl6/segalib/lib/sega_scl.a(scl_pr02.o) (SCL_GetColRamOffset)
../sbl6/segalib/lib/sega_mth.a(mth_fixd.o)
                              ../sbl6/segalib/lib/sega_scl.a(scl_ro00.o) (MTH_Mul)
../sbl6/segalib/lib/sega_mth.a(mth_tri.o)
                              ../sbl6/segalib/lib/sega_scl.a(scl_ro00.o) (fsin)
../sbl6/segalib/lib/sega_per.a(per_prt.o)
                              ../sbl6/segasmp/per/smpclib/per_x2.o (PER_LInit)
../sbl6/segalib/lib/sega_sat.a(gfs.o)
                              src/cd.o (GFS_Init)
../sbl6/segalib/lib/sega_sat.a(DMA_SCU1.o)
                              ../sbl6/segalib/lib/sega_spr.a(spr_2c.o) (DMA_ScuMemCopy)
../sbl6/segalib/lib/sega_sat.a(gfs_cdf.o)
                              ../sbl6/segalib/lib/sega_sat.a(gfs.o) (GFCF_Init)
../sbl6/segalib/lib/sega_sat.a(gfs_dir.o)
                              ../sbl6/segalib/lib/sega_sat.a(gfs.o) (GFDR_SetupDirTbl)
../sbl6/segalib/lib/sega_sat.a(gfs_trn.o)
                              ../sbl6/segalib/lib/sega_sat.a(gfs.o) (GFTR_Setup)
../sbl6/segalib/lib/sega_sat.a(gfs_buf.o)
                              ../sbl6/segalib/lib/sega_sat.a(gfs.o) (GFBF_GetNumData)
../sbl6/segalib/lib/sega_sat.a(gfs_cdb.o)
                              ../sbl6/segalib/lib/sega_sat.a(gfs_cdf.o) (GFCB_Setup)
../sbl6/segalib/lib/sega_sat.a(gfs_cdc.o)
                              ../sbl6/segalib/lib/sega_sat.a(gfs.o) (GFCD_SetCdbfs)
../sbl6/segalib/lib/sega_sat.a(DMA_SCU0.o)
                              ../sbl6/segalib/lib/sega_sat.a(DMA_SCU1.o) (DMA_ScuSetPrm)
../sbl6/segalib/lib/sega_sat.a(csh_main.o)
                              ../sbl6/segalib/lib/sega_sat.a(DMA_SCU1.o) (CSH_Purge)
../sbl6/segalib/lib/sega_sat.a(DMA_CPU0.o)
                              ../sbl6/segalib/lib/sega_sat.a(gfs_trn.o) (DMA_CpuSetComPrm)
../sbl6/segalib/lib/sega_sat.a(cdc_reg.o)
                              ../sbl6/segalib/lib/sega_sat.a(gfs_cdb.o) (CDC_GetDataPtr)
../sbl6/segalib/lib/sega_sat.a(cdc_cfs.o)
                              ../sbl6/segalib/lib/sega_sat.a(gfs_cdc.o) (CDC_ChgDir)
../sbl6/segalib/lib/sega_sat.a(cdc_cmn.o)
                              ../sbl6/segalib/lib/sega_sat.a(gfs_cdc.o) (CDC_GetCurStat)
../sbl6/segalib/lib/sega_sat.a(cdc_bio.o)
                              ../sbl6/segalib/lib/sega_sat.a(gfs_cdc.o) (CDC_SetSctLen)
../sbl6/segalib/lib/sega_sat.a(cdc_sel.o)
                              ../sbl6/segalib/lib/sega_sat.a(gfs_cdc.o) (CDC_SetFiltRange)
../sbl6/segalib/lib/sega_sat.a(cdc_drv.o)
                              ../sbl6/segalib/lib/sega_sat.a(gfs_cdc.o) (CDC_CdPlay)
../sbl6/segalib/lib/sega_sat.a(cdc_bif.o)
                              ../sbl6/segalib/lib/sega_sat.a(gfs_cdc.o) (CDC_GetBufSiz)
../sbl6/segalib/lib/sega_sat.a(cdc_dev.o)
                              ../sbl6/segalib/lib/sega_sat.a(gfs_cdc.o) (CDC_CdSetCon)
../sbl6/segalib/lib/sega_sat.a(cdc_sub.o)
                              ../sbl6/segalib/lib/sega_sat.a(cdc_cfs.o) (CDSUB_UpdStatus)
C:/saturn/SH_COFF/sh-coff/bin/../lib/gcc/sh-coff/3.4-GNUSH_v0501\libgcc.a(_ashiftrt.o)
[...]
Memory Configuration

Name             Origin             Length             Attributes
*default*        0x00000000         0xffffffff

Linker script and memory map

LOAD ../sbl6/segasmp/lib/strt1_g.o
LOAD ../sbl6/segasmp/lib/strt2_g.o
LOAD ../sbl6/segasmp/per/smpclib/per_x1.o
LOAD ../sbl6/segasmp/per/smpclib/per_x2.o
LOAD ../sbl6/segasmp/per/smpclib/per_x3.o
LOAD src/vblank.o
LOAD src/sinlut.o
LOAD src/cd.o
LOAD src/img.o
LOAD src/main.o
LOAD ../sbl6/segalib/lib/sega_int.a
LOAD ../sbl6/segalib/lib/sega_spr.a
LOAD ../sbl6/segalib/lib/sega_scl.a
LOAD ../sbl6/segalib/lib/sega_mth.a
LOAD ../sbl6/segalib/lib/sega_cdc.a
LOAD ../sbl6/segalib/lib/sega_adp.a
LOAD ../sbl6/segalib/lib/sega_per.a
LOAD ../sbl6/segalib/lib/sega_sat.a
LOAD ../sbl6/segalib/lib/sega_gfs.a
LOAD C:/saturn/SH_COFF/sh-coff/bin/../lib/gcc/sh-coff/3.4-GNUSH_v0501\libgcc.a
LOAD C:/saturn/SH_COFF/sh-coff/bin/../lib/gcc/sh-coff/3.4-GNUSH_v0501/../../../../sh-coff/lib\libc.a
LOAD C:/saturn/SH_COFF/sh-coff/bin/../lib/gcc/sh-coff/3.4-GNUSH_v0501\libgcc.a

.text           0x06010000    0x1a5c0
 *(.text)
 .text          0x06010000       0x30 ../sbl6/segasmp/lib/strt1_g.o
                0x06010024                _D_END
                0x06010020                _D_BGN
                0x0601002c                _B_END
                0x06010028                _B_BGN
                0x06010000                START
 .text          0x06010030       0x60 ../sbl6/segasmp/lib/strt2_g.o
                0x06010050                _INITSCT
                0x06010030                _INIT
 .text          0x06010090      0x430 ../sbl6/segasmp/per/smpclib/per_x1.o
                0x06010424                PER_GetAnalogXYZ
                0x060100b4                PER_GetTriggerHandler
                0x0601034e                PER_GetEdge
                0x060102cc                PER_GetTrigger
                0x06010378                PER_GetPressEdge
                0x060103cc                PER_GetReleaseEdge
                0x06010090                PER_SetTriggerHandler
 .text          0x060104c0      0x200 ../sbl6/segasmp/per/smpclib/per_x2.o
                0x060105c4                PER_GetDeviceA
                0x060104c0                PER_OpenPort
                0x060104f8                PER_GetPort
                0x0601063e                PER_GetDeviceR
 .text          0x060106c0       0x20 ../sbl6/segasmp/per/smpclib/per_x3.o
                0x060106c0                PER_DisguiseTrigger
 .text          0x060106e0       0x70 src/vblank.o
                0x060106e0                SetVblank
                0x06010740                UsrVblankOut
                0x06010730                UsrVblankIn
 .text          0x06010750     0x2000 src/sinlut.o
                0x06010750                sinlut
 .text          0x06012750       0xa0 src/cd.o
                0x06012750                cd_init
                0x06012780                cd_load
 .text          0x060127f0      0x110 src/img.o
                0x06012810                img_load
 .text          0x06012900      0xc40 src/main.o
                0x06012c80                draw_rotquad
                0x06012b54                draw_txt
                0x06012d70                draw_3dquad
                0x06012900                main
 .text          0x06013540       0x40 ../sbl6/segalib/lib/sega_int.a(int.o)
                0x0601356c                INT_GetScuFunc
                0x06013540                INT_SetScuFunc
 .text          0x06013580      0x624 ../sbl6/segalib/lib/sega_int.a(int_trmp.o)
                0x060136e8                __interrupt_handler60
                0x06013898                __interrupt_handler132
                0x06013a4e                __interrupt_handler205
                0x060138b6                __interrupt_handler137
                0x060137e4                __interrupt_handler102
                0x06013622                __interrupt_handler27
                0x06013a24                __interrupt_handler198
                0x06013916                __interrupt_handler153
                0x060135fe                __interrupt_handler21
                0x0601370c                __interrupt_handler66
                0x060137fc                __interrupt_handler106
                0x06013946                __interrupt_handler161
                0x06013790                __interrupt_handler88
                0x0601395e                __interrupt_handler165
                0x0601386e                __interrupt_handler125
                0x060135a4                __interrupt_handler6
                0x06013640                __interrupt_handler32
                0x060139fa                __interrupt_handler191
                0x06013b14                __interrupt_handler238
                0x06013b2c                __interrupt_handler242
                0x06013934                __interrupt_handler158
                0x0601379c                __interrupt_handler90
                0x06013958                __interrupt_handler164
                0x0601367c                __interrupt_handler42
                0x060139be                __interrupt_handler181
                0x06013ac6                __interrupt_handler225
                0x06013b6e                __interrupt_handler253
                0x06013982                __interrupt_handler171
                0x0601373c                __interrupt_handler74
                0x06013592                __interrupt_handler3
                0x060136d6                __interrupt_handler57
                0x060135d4                __interrupt_handler14
                0x06013a6c                __interrupt_handler210
                0x06013a9c                __interrupt_handler218
                0x06013a60                __interrupt_handler208
                0x06013664                __interrupt_handler38
                0x06013580                __interrupt_handler0
                0x060137f0                __interrupt_handler104
                0x0601392e                __interrupt_handler157
                0x06013a7e                __interrupt_handler213
                0x06013970                __interrupt_handler168
                0x0601377e                __interrupt_handler85
                0x0601381a                __interrupt_handler111
                0x0601382c                __interrupt_handler114
                0x0601369a                __interrupt_handler47
                0x06013af0                __interrupt_handler232
                0x06013aba                __interrupt_handler223
                0x06013b0e                __interrupt_handler237
                0x060136fa                __interrupt_handler63
                0x06013688                __interrupt_handler44
                0x0601399a                __interrupt_handler175
                0x060139c4                __interrupt_handler182
                0x060139dc                __interrupt_handler186
                0x060138da                __interrupt_handler143
                0x06013802                __interrupt_handler107
                0x06013868                __interrupt_handler124
                0x06013988                __interrupt_handler172
                0x06013b3e                __interrupt_handler245
                0x060137ba                __interrupt_handler95
                0x06013892                __interrupt_handler131
                0x060138a4                __interrupt_handler134
                0x060138c2                __interrupt_handler139
                0x06013730                __interrupt_handler72
                0x06013aea                __interrupt_handler231
                0x06013940                __interrupt_handler160
                0x06013886                __interrupt_handler129
                0x060135f8                __interrupt_handler20
                0x06013706                __interrupt_handler65
                0x060136d0                __interrupt_handler56
                0x060135ce                __interrupt_handler13
                0x06013a66                __interrupt_handler209
                0x06013820                __interrupt_handler112
                0x060135f2                __interrupt_handler19
                0x060137ae                __interrupt_handler93
                0x06013a18                __interrupt_handler196
                0x0601390a                __interrupt_handler151
                0x0601396a                __interrupt_handler167
                0x06013b80                __trampoline
                0x060135e6                __interrupt_handler17
                0x06013ad8                __interrupt_handler228
                0x06013b7a                __interrupt_handler255
                0x06013b38                __interrupt_handler244
                0x060137d2                __interrupt_handler99
                0x060139ca                __interrupt_handler183
                0x060138c8                __interrupt_handler140
                0x060139ee                __interrupt_handler189
                0x060138ec                __interrupt_handler146
                0x06013ab4                __interrupt_handler222
                0x06013928                __interrupt_handler156
                0x0601385c                __interrupt_handler122
                0x06013b50                __interrupt_handler248
                0x060136a0                __interrupt_handler48
                0x0601371e                __interrupt_handler69
                0x06013610                __interrupt_handler24
                0x06013796                __interrupt_handler89
                0x06013a8a                __interrupt_handler215
                0x06013b74                __interrupt_handler254
                0x0601378a                __interrupt_handler87
                0x060136ee                __interrupt_handler61
                0x06013a12                __interrupt_handler195
                0x06013904                __interrupt_handler150
                0x06013676                __interrupt_handler41
                0x06013814                __interrupt_handler110
                0x0601387a                __interrupt_handler127
                0x06013808                __interrupt_handler108
                0x06013826                __interrupt_handler113
                0x06013838                __interrupt_handler116
                0x06013856                __interrupt_handler121
                0x0601374e                __interrupt_handler77
                0x0601366a                __interrupt_handler39
                0x06013682                __interrupt_handler43
                0x06013b56                __interrupt_handler249
                0x06013994                __interrupt_handler174
                0x060138b0                __interrupt_handler136
                0x060139e8                __interrupt_handler188
                0x060138e6                __interrupt_handler145
                0x060135b6                __interrupt_handler9
                0x0601375a                __interrupt_handler79
                0x06013ad2                __interrupt_handler227
                0x0601364c                __interrupt_handler34
                0x0601388c                __interrupt_handler130
                0x06013b4a                __interrupt_handler247
                0x06013742                __interrupt_handler75
                0x0601398e                __interrupt_handler173
                0x060136be                __interrupt_handler53
                0x060138fe                __interrupt_handler149
                0x06013b62                __interrupt_handler251
                0x06013af6                __interrupt_handler233
                0x060135bc                __interrupt_handler10
                0x06013a48                __interrupt_handler204
                0x0601376c                __interrupt_handler82
                0x06013772                __interrupt_handler83
                0x06013616                __interrupt_handler25
                0x06013b32                __interrupt_handler243
                0x0601394c                __interrupt_handler162
                0x06013694                __interrupt_handler46
                0x060139ac                __interrupt_handler178
                0x06013760                __interrupt_handler80
                0x060136f4                __interrupt_handler62
                0x0601358c                __interrupt_handler2
                0x0601362e                __interrupt_handler29
                0x06013724                __interrupt_handler70
                0x0601380e                __interrupt_handler109
                0x060138f8                __interrupt_handler148
                0x060137b4                __interrupt_handler94
                0x06013ac0                __interrupt_handler224
                0x060137ea                __interrupt_handler103
                0x06013658                __interrupt_handler36
                0x06013874                __interrupt_handler126
                0x06013b44                __interrupt_handler246
                0x060136ca                __interrupt_handler55
                0x060135c8                __interrupt_handler12
                0x060136b8                __interrupt_handler52
                0x060139e2                __interrupt_handler187
                0x060138e0                __interrupt_handler144
                0x0601383e                __interrupt_handler117
                0x060135ec                __interrupt_handler18
                0x06013a1e                __interrupt_handler197
                0x06013910                __interrupt_handler152
                0x06013844                __interrupt_handler118
                0x0601397c                __interrupt_handler170
                0x06013a36                __interrupt_handler201
                0x060137c6                __interrupt_handler97
                0x06013952                __interrupt_handler163
                0x060139b8                __interrupt_handler180
                0x06013a00                __interrupt_handler192
                0x06013b20                __interrupt_handler240
                0x06013862                __interrupt_handler123
                0x06013a84                __interrupt_handler214
                0x0601363a                __interrupt_handler31
                0x06013628                __interrupt_handler28
                0x06013712                __interrupt_handler67
                0x06013718                __interrupt_handler68
                0x06013604                __interrupt_handler22
                0x0601360a                __interrupt_handler23
                0x060139a0                __interrupt_handler176
                0x060135aa                __interrupt_handler7
                0x06013aae                __interrupt_handler221
                0x06013a96                __interrupt_handler217
                0x06013ade                __interrupt_handler229
                0x060136a6                __interrupt_handler49
                0x06013598                __interrupt_handler4
                0x06013670                __interrupt_handler40
                0x06013832                __interrupt_handler115
                0x06013b02                __interrupt_handler235
                0x060137a2                __interrupt_handler91
                0x06013a54                __interrupt_handler206
                0x060139a6                __interrupt_handler177
                0x060138f2                __interrupt_handler147
                0x0601365e                __interrupt_handler37
                0x06013b5c                __interrupt_handler250
                0x06013586                __interrupt_handler1
                0x06013aa2                __interrupt_handler219
                0x06013748                __interrupt_handler76
                0x060137d8                __interrupt_handler100
                0x060136dc                __interrupt_handler58
                0x060135da                __interrupt_handler15
                0x06013a78                __interrupt_handler212
                0x06013b26                __interrupt_handler241
                0x06013a3c                __interrupt_handler202
                0x06013a06                __interrupt_handler193
                0x06013754                __interrupt_handler78
                0x060136ac                __interrupt_handler50
                0x06013646                __interrupt_handler33
                0x06013964                __interrupt_handler166
                0x060138bc                __interrupt_handler138
                0x060138aa                __interrupt_handler135
                0x06013634                __interrupt_handler30
                0x060139d0                __interrupt_handler184
                0x060138ce                __interrupt_handler141
                0x06013ae4                __interrupt_handler230
                0x06013b08                __interrupt_handler236
                0x0601384a                __interrupt_handler119
                0x06013784                __interrupt_handler86
                0x060137f6                __interrupt_handler105
                0x06013766                __interrupt_handler81
                0x06013850                __interrupt_handler120
                0x06013880                __interrupt_handler128
                0x060136c4                __interrupt_handler54
                0x060135c2                __interrupt_handler11
                0x06013a2a                __interrupt_handler199
                0x0601391c                __interrupt_handler154
                0x0601368e                __interrupt_handler45
                0x06013a90                __interrupt_handler216
                0x06013a42                __interrupt_handler203
                0x060137de                __interrupt_handler101
                0x06013778                __interrupt_handler84
                0x060139d6                __interrupt_handler185
                0x060138d4                __interrupt_handler142
                0x0601361c                __interrupt_handler26
                0x06013700                __interrupt_handler64
                0x06013a30                __interrupt_handler200
                0x06013a5a                __interrupt_handler207
                0x06013a0c                __interrupt_handler194
                0x060137a8                __interrupt_handler92
                0x06013922                __interrupt_handler155
                0x06013a72                __interrupt_handler211
                0x0601389e                __interrupt_handler133
                0x0601359e                __interrupt_handler5
                0x06013736                __interrupt_handler73
                0x060135e0                __interrupt_handler16
                0x06013b1a                __interrupt_handler239
                0x06013afc                __interrupt_handler234
                0x06013652                __interrupt_handler35
                0x060136e2                __interrupt_handler59
                0x06013976                __interrupt_handler169
                0x060137cc                __interrupt_handler98
                0x0601372a                __interrupt_handler71
                0x060136b2                __interrupt_handler51
                0x0601393a                __interrupt_handler159
                0x06013acc                __interrupt_handler226
                0x060137c0                __interrupt_handler96
                0x060139f4                __interrupt_handler190
                0x06013aa8                __interrupt_handler220
                0x060135b0                __interrupt_handler8
                0x060139b2                __interrupt_handler179
                0x06013b68                __interrupt_handler252
 *fill*         0x06013ba4        0xc 00
 .text          0x06013bb0     0x12a0 ../sbl6/segalib/lib/sega_spr.a(spr_2c.o)
                0x06014e10                SlaveFlushDrawPrtyBlock
                0x06013bb0                SPR_2Initial
                0x060143f4                SPR_2SysClip
                0x06014394                SPR_2LocalCoord
                0x06014c8c                SPR_2FlushDrawPrtyBlock
                0x06014978                SPR_2DistSpr
                0x0601437c                SPR_2FlushDrawPrty
                0x06014a9c                SPR_2Cmd
                0x06014078                SPR_2GourTblNoToVram
                0x060140d8                SPR_2GetAreaSizeInfo
                0x06013e40                SPR_2SetGourTbl
                0x0601462c                SPR_2Polygon
                0x060140b4                SPR_2CharNoToVram
                0x06013dc0                SPR_2SetTvMode
                0x0601421c                SPR_2CloseCommand
                0x06013dfc                SPR_2FrameEraseData
                0x06013bd8                SPR_2Initial2
                0x0601480c                SPR_2ScaleSpr
                0x0601449c                SPR_2Line
                0x06014168                SPR_2OpenCommand
                0x06013ddc                SPR_2FrameChgIntr
                0x060146e8                SPR_2NormSpr
                0x06013e70                SPR_2SetLookupTbl
                0x06013ea4                SPR_2SetChar
                0x0601409c                SPR_2LookupTblNoToVram
                0x06014570                SPR_2PolyLine
                0x06014010                SPR_2ClrAllChar
                0x06013fc4                SPR_2ClrChar
                0x06014440                SPR_2UserClip
 .text          0x06014e50      0x1e6 ../sbl6/segalib/lib/sega_spr.a(spr_slv.o)
                0x06014fb4                SPR_WaitEndSlaveSH
                0x06014e50                SPR_SMPC_SSHON
                0x06014f90                SPR_RunSlaveSH
                0x06014e54                SPR_InitSlaveSH
                0x06014f1c                SPR_SlaveSHmain
                0x06014e51                SPR_SMPC_SSHOFF
 *fill*         0x06015036        0xa 00
 .text          0x06015040      0x36a ../sbl6/segalib/lib/sega_spr.a(spr_1c.o)
                0x060152f4                SPR_WaitDrawEnd
                0x0601530c                SPR_SetEosMode
                0x06015224                SPR_SetEraseData
                0x06015040                SPR_Initial
                0x06015118                SPR_SetTvMode
                0x060151b0                SPR_GetStatus
 *fill*         0x060153aa        0x6 00
 .text          0x060153b0      0x244 ../sbl6/segalib/lib/sega_spr.a(spr_2a.o)
                0x060153c2                sprMemCpyW
                0x06015420                flushDrawPrtyBlock
                0x060153b0                sprMemCpyL
                0x060153d4                SPR_2SetDrawPrty
 *fill*         0x060155f4        0xc 00
 .text          0x06015600      0x2fc ../sbl6/segalib/lib/sega_scl.a(scl_vblv.o)
                0x060156bc                SCL_DisplayFrame
                0x06015600                SCL_SetFrameInterval
                0x060156f0                SCL_VblInit
                0x06015740                SCL_VblankStart
                0x06015784                SCL_VblankEnd
 *fill*         0x060158fc        0x4 00
 .text          0x06015900      0xb9c ../sbl6/segalib/lib/sega_scl.a(scl_func.o)
                0x060162dc                SCL_Vdp2_SGLInit
                0x060161ec                SCL_PriIntProc
                0x06016164                SCL_Memcpyw
                0x0601647c                SCL_SglOff
                0x0601645c                SCL_SglOn
                0x060160d0                SCL_ScrollShow
                0x06015b78                SCL_Close
                0x06015e70                SCL_Scale
                0x06015900                SCL_Vdp2Init
                0x06015ce4                SCL_Move
                0x06015fac                SCL_CopyReg
                0x06015b54                SCL_Open
                0x06015984                SCL_ParametersInit
                0x06015b94                SCL_MoveTo
                0x0601618c                SCL_SetColRamMode
 *fill*         0x0601649c        0x4 00
 .text          0x060164a0      0x1ec ../sbl6/segalib/lib/sega_scl.a(scl_fu01.o)
                0x060164a0                SCL_SetDisplayMode
 *fill*         0x0601668c        0x4 00
 .text          0x06016690      0x214 ../sbl6/segalib/lib/sega_scl.a(scl_pr07.o)
                0x06016690                SCL_SetPriority
 *fill*         0x060168a4        0xc 00
 .text          0x060168b0       0x58 ../sbl6/segalib/lib/sega_scl.a(scl_pr01.o)
                0x060168b0                SCL_SetSpriteMode
 *fill*         0x06016908        0x8 00
 .text          0x06016910      0x4f4 ../sbl6/segalib/lib/sega_scl.a(scl_fu02.o)
                0x06016948                SCL_SetVramConfig
                0x06016910                SCL_InitVramConfigTb
 *fill*         0x06016e04        0xc 00
 .text          0x06016e10     0x10a4 ../sbl6/segalib/lib/sega_scl.a(scl_pri.o)
                0x06016ea4                SCL_AbortAutoVe
                0x06017d54                SCL_SetShadowBit
                0x0601731c                SCL_AutoExec
                0x06016e10                SCL_PriorityInit
                0x06017830                SCL_IncColOffset
                0x06016eb8                SCL_SetColMixRate
                0x06016e88                SCL_GetColRamMode
 *fill*         0x06017eb4        0xc 00
 .text          0x06017ec0     0x1394 ../sbl6/segalib/lib/sega_scl.a(scl_ro00.o)
                0x060190ac                SCL_RotateZD
                0x06018374                SCL_Rotate
                0x06018048                SCL_InitRotateTable
 *fill*         0x06019254        0xc 00
 .text          0x06019260       0x9c ../sbl6/segalib/lib/sega_scl.a(scl_pr02.o)
                0x06019260                SCL_SetColRam
 *fill*         0x060192fc        0x4 00
 .text          0x06019300       0xac ../sbl6/segalib/lib/sega_scl.a(scl_pr05.o)
                0x06019300                SCL_GetColRamOffset
 *fill*         0x060193ac        0x4 00
 .text          0x060193b0       0xa4 ../sbl6/segalib/lib/sega_mth.a(mth_fixd.o)
                0x06019400                MTH_FixedToInt
                0x060193f0                MTH_IntToFixed
                0x060193b0                MTH_Mul
                0x06019410                MTH_Product
                0x060193d0                MTH_Div
 *fill*         0x06019454        0xc 00
 .text          0x06019460      0x600 ../sbl6/segalib/lib/sega_mth.a(mth_tri.o)
                0x060194fc                fcos
                0x06019502                fsin
                0x060194ac                MTH_Cos
                0x06019460                MTH_Sin
                0x060196a0                MTH_Atan
 .text          0x06019a60      0xf50 ../sbl6/segalib/lib/sega_per.a(per_prt.o)
                0x06019e80                PER_IntFunc
                0x06019c78                PER_LGetPer
                0x06019a60                PER_LInit
 .text          0x0601a9b0     0x1b04 ../sbl6/segalib/lib/sega_sat.a(gfs.o)
                0x0601a9b0                gfs_version
                0x0601bc24                gfs_mngGetNumFile
                0x0601c3a4                gfs_closeSub
                0x0601b740                GFS_SetGmode
                0x0601b9fc                GFS_SetErrFunc
                0x0601bb4c                gfs_mngSetupFuncTbl
                0x0601ad08                GFS_Reset
                0x0601ba74                gfs_chgRoot
                0x0601bb40                gfs_aborttrans
                0x0601be24                gfs_svrAddHndl
                0x0601bcd4                gfs_mngFreeGrp
                0x0601ba4c                GFS_ConvTno
                0x0601bfd8                gfs_getRootDir
                0x0601ba28                GFS_GetErrStat
                0x0601ae78                GFS_Seek
                0x0601b4e4                GFS_NwStop
                0x0601bce0                gfs_mngTermAccess
                0x0601ad8c                GFS_Open
                0x0601bc8c                GFS_mngAllocGrp
                0x0601c3ec                gfs_isTaskDone
                0x0601b1e4                GFS_Fread
                0x0601b944                GFS_StartTrans
                0x0601c340                gfs_GetFinfo
                0x0601bb80                gfs_mngInitWork
                0x0601afd0                GFS_ByteToSct
                0x0601bde4                gfs_svrSearchHndl
                0x0601c0d4                gfs_loadRootDir
                0x0601ac2c                GFS_IdToName
                0x0601b328                GFS_NwFread
                0x0601b874                GFS_SetTransPara
                0x0601b434                GFS_NwCdRead
                0x0601bf14                gfs_loadVol
                0x0601b810                GFS_SetReadPara
                0x0601af2c                GFS_Tell
                0x0601b7a4                GFS_SetTmode
                0x0601c2a8                GFS_GetFad
                0x0601b8e0                GFS_SetTrFunc
                0x0601b990                GFS_CdMovePickup
                0x0601abc8                GFS_NameToId
                0x0601b5fc                GFS_NwExecOne
                0x0601c15c                gfs_flowIn
                0x0601b084                GFS_GetFileInfo
                0x0601c204                gfs_transData
                0x0601be60                gfs_svrRemoveHndl
                0x0601b4ac                GFS_NwIsComplete
                0x0601c3e0                gfs_getGmode
                0x0601b550                GFS_NwGetStat
                0x0601bebc                GFS_OpenSub
                0x0601ab60                GFS_SetDir
                0x0601b02c                GFS_GetFileSize
                0x0601b0f8                GFS_GetNumCdbuf
                0x0601c440                gfs_convFinStat
                0x0601b120                GFS_Load
                0x0601b280                gfs_waitRead
                0x0601aab8                GFS_LoadDir
                0x0601ac98                GFS_GetDirInfo
                0x0601ae40                GFS_Close
                0x0601a9d0                GFS_Init
                0x0601b5cc                gfs_recovRdErr
                0x0601bd64                gfs_mngSetErrCode
                0x0601b6bc                GFS_NwExecServer
                0x0601af7c                GFS_IsEof
                0x0601c300                gfs_SetSct
 *fill*         0x0601c4b4        0xc 00
 .text          0x0601c4c0      0x1f4 ../sbl6/segalib/lib/sega_sat.a(DMA_SCU1.o)
                0x0601c61c                DMA_ScuResult
                0x0601c4c0                DMA_ScuInit
                0x0601c510                DMA_ScuMemCopy
 *fill*         0x0601c6b4        0xc 00
 .text          0x0601c6c0      0x8d4 ../sbl6/segalib/lib/sega_sat.a(gfs_cdf.o)
                0x0601cbb4                GFCF_Seek
                0x0601ccbc                GFCF_GetStat
                0x0601cb9c                GFCF_Tell
                0x0601c760                GFCF_Setup
                0x0601cc68                GFCF_cnvIntlvOfs
                0x0601c6c0                GFCF_Init
                0x0601cb54                GFCF_Recover
                0x0601c8a8                GFCF_SetSct
                0x0601cbcc                GFCF_MovePickup
                0x0601cd90                gfcf_isCdOk
                0x0601c960                GFCF_FlowInBuf
                0x0601c8ec                GFCF_GetFileInfo
                0x0601cab4                GFCF_StopInBuf
                0x0601cd54                gfcf_getSctSize
                0x0601ce50                gfcf_getPlayRange
 *fill*         0x0601cf94        0xc 00
 .text          0x0601cfa0      0x928 ../sbl6/segalib/lib/sega_sat.a(gfs_dir.o)
                0x0601d490                gfdr_setNextRec
                0x0601d88c                gfdr_setDirrecCd
                0x0601d288                gfdr_open
                0x0601d09c                GFDR_GetAtrDirId
                0x0601d370                gfdr_readByte
                0x0601cfa0                GFDR_SetupDirTbl
                0x0601d468                gfdr_readLongNM
                0x0601d514                gfdr_readDirEnt
                0x0601d0cc                GFDR_ChgRoot
                0x0601d014                GFDR_NameToId
                0x0601d158                gfdr_setupDirIdTbl
                0x0601d0b4                GFDR_GetAtrDirName
                0x0601d074                GFDR_GetInfoDirId
                0x0601d41c                gfdr_readLongNB
                0x0601d2b0                gfdr_read
                0x0601d39c                gfdr_readWord
                0x0601d1dc                gfdr_setupDirNameTbl
                0x0601d088                GFDR_GetInfoDirName
                0x0601d0e4                GFDR_ChgDir
                0x0601d3c8                gfdr_readWordNB
 *fill*         0x0601d8c8        0x8 00
 .text          0x0601d8d0      0xa46 ../sbl6/segalib/lib/sega_sat.a(gfs_trn.o)
                0x0601d9b0                GFTR_SetTransMax
                0x0601dd80                gftr_execScu
                0x0601e304                GFTR_SetTransFunc
                0x0601e1cc                gftr_remTrn
                0x0601e2f0                GFTR_SetData
                0x0601dff0                gftr_execSdma1
                0x0601e240                gftr_copyFrac
                0x0601d9a4                GFTR_GetNumTrans
                0x0601d944                GFTR_SetMode
                0x0601dfc0                gftr_remDma0
                0x0601e268                GFTR_GetLenData
                0x0601dd74                gftr_reqScu
                0x0601dfd8                gftr_reqDma1
                0x0601dc90                gftr_getSrcPack
                0x0601e2c0                GFTR_RtnDstPk
                0x0601de5c                gfdma_exec
                0x0601e0f4                gftr_execTrn
                0x0601db88                GFTR_ExecSvr
                0x0601e084                gftr_reqTrn
                0x0601df4c                gfdma_getBytecnt
                0x0601e02c                gftr_reqCpu
                0x0601e28c                GFTR_GetDstPack
                0x0601df84                gftr_reqDma0
                0x0601db10                GFTR_Idle
                0x0601d9c8                GFTR_Pause
                0x0601d998                GFTR_GetTransPara
                0x0601e078                gftr_remCpu
                0x0601d964                GFTR_SetTransPara
                0x0601e014                gftr_remDma1
                0x0601d9d4                GFTR_Stop
                0x0601df9c                gftr_execSdma0
                0x0601d900                GFTR_Setup
                0x0601de1c                gftr_remScu
                0x0601dd18                gftr_getDstPack
                0x0601de50                gfdma_canUse
                0x0601da8c                GFTR_Exec
                0x0601e2dc                GFTR_GetData
                0x0601d9bc                GFTR_Start
                0x0601d958                GFTR_SetUnit
                0x0601e038                gftr_execCpu
                0x0601e274                GFTR_GetLenRoom
 *fill*         0x0601e316        0xa 00
 .text          0x0601e320      0x106 ../sbl6/segalib/lib/sega_sat.a(gfs_buf.o)
                0x0601e378                GFBF_GetNumData
                0x0601e3f4                GFBF_RtnPk
                0x0601e3a8                GFBF_GetSrcPk
                0x0601e41c                gfbf_getSctDt
                0x0601e350                GFBF_GetTranData
                0x0601e3d0                GFBF_GetSctData
 *fill*         0x0601e426        0xa 00
 .text          0x0601e430      0x600 ../sbl6/segalib/lib/sega_sat.a(gfs_cdb.o)
                0x0601e9d8                GFCB_GetPickup
                0x0601e550                GFCB_Close
                0x0601e81c                GFCB_GetSrcPack
                0x0601e9a4                GFCB_SetCon
                0x0601e624                GFCB_GetLenRoom
                0x0601e988                GFCB_MovePickup
                0x0601e8fc                GFCB_GetSctData
                0x0601e630                GFCB_SetFilt
                0x0601e578                GFCB_GetLenData
                0x0601ea18                GFCB_UngetPickup
                0x0601e430                GFCB_Setup
                0x0601e6c0                GFCB_Tell
                0x0601ea00                GFCB_IsPuOwner
                0x0601e720                GFCB_Seek
                0x0601e698                GFCB_DeleteAllData
                0x0601e934                GFCB_GetDstPack
                0x0601e6d0                gfcb_getSctNum
                0x0601e940                GFCB_RtnPk
 .text          0x0601ea30     0x1a04 ../sbl6/segalib/lib/sega_sat.a(gfs_cdc.o)
                0x0601eccc                GFCD_AllocBuf
                0x0601faa8                gfcd_doGetLenDataTsk
                0x06020344                GFCD_SetCsctFunc
                0x0601eda4                GFCD_GetBaseFad
                0x0601ef20                GFCD_GetFilt
                0x0601ff34                gfcd_doChgDirTsk
                0x06020274                gfcd_checkEflag
                0x0601f268                GFCD_MovePickup
                0x0601f34c                GFCD_GetSctInfo
                0x0601fbfc                gfcd_doReqDataTsk
                0x0601f394                GFCD_ChgDir
                0x0601f088                GFCD_ReqData
                0x06020360                GFCD_ChkScdqFlag
                0x0601f818                GFCD_WaitServer
                0x0601f12c                GFCD_DelSctData
                0x0601f604                GFCD_ExecServer
                0x0601fa18                gfcd_doSetConTsk
                0x0601ec60                GFCD_AllocFilt
                0x0601ee5c                GFCD_SetFilt
                0x0601f854                gfcd_doSetFiltTsk
                0x06020384                GFCD_ClrScdqFlag
                0x0601fc9c                gfcd_doDelSctDataTsk
                0x0601f760                gfcd_doTask
                0x0601edd8                GFCD_GetPickup
                0x0601f328                GFCD_CheckMove
                0x060203a0                GFCD_WaitScdqFlag
                0x0601efc0                GFCD_Play
                0x0601fdd0                gfcd_doMoveSctTsk
                0x0601ef68                GFCD_SetCon
                0x0601f408                GFCD_SetFiltCon
                0x060203e4                GFCD_WaitPause
                0x0601f5cc                GFCD_GetBufSiz
                0x0601ee0c                GFCD_UngetPickup
                0x0601f4f0                GFCD_GetFileInfo
                0x0601f0e4                GFCD_EndData
                0x0601ed00                GFCD_FreeBuf
                0x0601f020                GFCD_GetLenData
                0x0601ec9c                GFCD_FreeFilt
                0x0601f6d8                gfcd_isIdleTask
                0x0601ea5c                GFCD_Init
                0x06020130                gfcd_doSetFiltConTsk
                0x0601f1b4                GFCD_GetStat
                0x0601f2b4                GFCD_MoveSctData
                0x0601ee38                GFCD_IsPuOwner
                0x06020298                gfcd_initCdbMng
                0x0601ea30                GFCD_SetCdbfs
                0x0601f804                GFCD_SetTimer
                0x06020318                gfcd_setStat
                0x0601f184                GFCD_CheckDelSctData
 *fill*         0x06020434        0xc 00
 .text          0x06020440      0x308 ../sbl6/segalib/lib/sega_sat.a(DMA_SCU0.o)
                0x060204c4                DMA_ScuStart
                0x060205f8                DMA_ScuIntFunc0
                0x06020668                DMA_ScuIntFunc1
                0x060206d8                DMA_ScuIntFunc2
                0x060205b8                DMA_ScuGetStatus
                0x06020440                DMA_ScuSetPrm
 *fill*         0x06020748        0x8 00
 .text          0x06020750       0xe8 ../sbl6/segalib/lib/sega_sat.a(csh_main.o)
                0x06020750                CSH_Init
                0x060207b8                CSH_AllClr
                0x06020804                CSH_Purge
 *fill*         0x06020838        0x8 00
 .text          0x06020840      0x1b6 ../sbl6/segalib/lib/sega_sat.a(DMA_CPU0.o)
                0x06020888                DMA_CpuSetPrm
                0x0602098c                DMA_CpuStart
                0x060209e4                DMA_CpuGetStatus
                0x060209b8                DMA_CpuAllStop
                0x060209cc                DMA_CpuGetComStatus
                0x06020840                DMA_CpuSetComPrm
                0x060209a0                DMA_CpuStop
 *fill*         0x060209f6        0xa 00
 .text          0x06020a00      0x2dc ../sbl6/segalib/lib/sega_sat.a(cdc_reg.o)
                0x06020a54                CDREG_ClrHirqReq
                0x06020a24                CDC_ClrHirqReq
                0x06020ad4                CDREG_TgetData
                0x06020ac4                CDC_GetMpegPtr
                0x06020aa0                CDC_GetHirqMsk
                0x06020a00                CDC_GetDataPtr
                0x06020a10                CDC_GetHirqReq
                0x06020c30                CDREG_WaitHirq
                0x06020ab4                CDC_SetHirqMsk
                0x06020b30                CDREG_CmdRsp
                0x06020a64                CDREG_InitHirqReq
                0x06020a8c                CDREG_SetHirqFlag
                0x06020ca0                CDREG_ReadRsp
 *fill*         0x06020cdc        0x4 00
 .text          0x06020ce0      0x194 ../sbl6/segalib/lib/sega_sat.a(cdc_cfs.o)
                0x06020ce0                CDC_ChgDir
                0x06020d14                CDC_ReadDir
                0x06020e38                CDC_AbortFile
                0x06020d48                CDC_GetFileScope
                0x06020da8                CDC_TgetFileInfo
                0x06020e04                CDC_ReadFile
 *fill*         0x06020e74        0xc 00
 .text          0x06020e80      0x3a0 ../sbl6/segalib/lib/sega_sat.a(cdc_cmn.o)
                0x06021024                CDC_TgetToc
                0x060211c8                CDC_DataEnd
                0x06020ee8                CDC_GetPeriStat
                0x0602115c                CDC_DataReady
                0x06021134                CDC_CdOpen
                0x060210b0                CDC_CdInit
                0x06021074                CDC_GetSes
                0x06020ed0                CDC_GetLastStat
                0x06020e80                CDC_GetCurStat
                0x06020fbc                CDC_GetHwInfo
 .text          0x06021220      0x1e4 ../sbl6/segalib/lib/sega_sat.a(cdc_bio.o)
                0x060212cc                CDC_GetdelSctData
                0x06021254                CDC_GetSctData
                0x06021308                CDC_PutSctData
                0x06021384                CDC_MoveSctData
                0x060213c8                CDC_GetCopyErr
                0x06021290                CDC_DelSctData
                0x06021220                CDC_SetSctLen
                0x06021340                CDC_CopySctData
 *fill*         0x06021404        0xc 00
 .text          0x06021410      0x2b8 ../sbl6/segalib/lib/sega_sat.a(cdc_sel.o)
                0x06021640                CDC_GetFiltCon
                0x060215bc                CDC_GetFiltMode
                0x06021694                CDC_ResetSelector
                0x06021410                CDC_SetFiltRange
                0x0602149c                CDC_SetFiltSubh
                0x0602150c                CDC_GetFiltSubh
                0x06021444                CDC_GetFiltRange
                0x06021588                CDC_SetFiltMode
                0x06021600                CDC_SetFiltCon
 *fill*         0x060216c8        0x8 00
 .text          0x060216d0      0x130 ../sbl6/segalib/lib/sega_sat.a(cdc_drv.o)
                0x060216d0                CDC_CdPlay
                0x0602179c                CDC_CdSeek
                0x060217d0                CDC_CdScan
 .text          0x06021800      0x270 ../sbl6/segalib/lib/sega_sat.a(cdc_bif.o)
                0x0602185c                CDC_GetSctNum
                0x060219dc                CDC_ExeFadSearch
                0x0602195c                CDC_GetSctInfo
                0x060218a0                CDC_CalActSiz
                0x06021800                CDC_GetBufSiz
                0x060218dc                CDC_GetActSiz
                0x06021a14                CDC_GetFadSearch
 .text          0x06021a70       0xa8 ../sbl6/segalib/lib/sega_sat.a(cdc_dev.o)
                0x06021adc                CDC_CdGetLastBuf
                0x06021a70                CDC_CdSetCon
                0x06021aa0                CDC_CdGetCon
 *fill*         0x06021b18        0x8 00
 .text          0x06021b20      0x152 ../sbl6/segalib/lib/sega_sat.a(cdc_sub.o)
                0x06021bc8                CDSUB_GetCdstat
                0x06021b38                CDSUB_UpdCdstat
                0x06021c08                CDSUB_RspToCdstat
                0x06021c50                CDSUB_SoftTimer
                0x06021b20                CDSUB_UpdStatus
                0x06021b58                CDSUB_CdCmd
 *fill*         0x06021c72        0xe 00
 .text          0x06021c80       0x60 C:/saturn/SH_COFF/sh-coff/bin/../lib/gcc/sh-coff/3.4-GNUSH_v0501\libgcc.a(_ashiftrt.o)
                0x06021c8c                __ashiftrt_r4_27
                0x06021cc0                __ashiftrt_r4_6
                0x06021cb0                __ashiftrt_r4_14
                0x06021ca2                __ashiftrt_r4_19
                0x06021cba                __ashiftrt_r4_9
                0x06021cce                __ashiftrt_r4_0
                0x06021c80                __ashiftrt_r4_31
                0x06021c8e                __ashiftrt_r4_26
                0x06021c9c                __ashiftrt_r4_22
                0x06021ca8                __ashiftrt_r4_16
                0x06021cb4                __ashiftrt_r4_12
                0x06021c88                __ashiftrt_r4_29
                0x06021ca6                __ashiftrt_r4_17
                0x06021c86                __ashiftrt_r4_30
                0x06021cc2                __ashiftrt_r4_5
                0x06021cbc                __ashiftrt_r4_8
                0x06021c80                __ashiftrt_r4_32
                0x06021c90                __ashiftrt_r4_25
                0x06021cc8                __ashiftrt_r4_2
                0x06021c92                __ashiftrt_r4_24
                0x06021cae                __ashiftrt_r4_15
                0x06021cb8                __ashiftrt_r4_10
                0x06021cca                __ashiftrt_r4_1
                0x06021c8a                __ashiftrt_r4_28
                0x06021ca0                __ashiftrt_r4_20
                0x06021cbe                __ashiftrt_r4_7
                0x06021cb2                __ashiftrt_r4_13
                0x06021cb6                __ashiftrt_r4_11
                0x06021cc4                __ashiftrt_r4_4
                0x06021c9a                __ashiftrt_r4_23
                0x06021ca4                __ashiftrt_r4_18
                0x06021c9e                __ashiftrt_r4_21
                0x06021cc6                __ashiftrt_r4_3
 .text          0x06021ce0       0xa0 C:/saturn/SH_COFF/sh-coff/bin/../lib/gcc/sh-coff/3.4-GNUSH_v0501\libgcc.a(__main.o)
                0x06021d54                __main
                0x06021ce0                __do_global_dtors
                0x06021d14                __do_global_ctors
 .text          0x06021d80       0xb0 C:/saturn/SH_COFF/sh-coff/bin/../lib/gcc/sh-coff/3.4-GNUSH_v0501\libgcc.a(_movstr.o)
                0x06021dc0                __movstrSI16
                0x06021d94                __movstrSI60
                0x06021da0                __movstrSI48
                0x06021d9c                __movstrSI52
                0x06021d90                __movstrSI64
                0x06021da4                __movstrSI44
                0x06021da8                __movstrSI40
                0x06021dac                __movstrSI36
                0x06021de0                __movstr
                0x06021d98                __movstrSI56
                0x06021db4                __movstrSI28
                0x06021db0                __movstrSI32
                0x06021dc4                __movstrSI12
                0x06021dc8                __movstrSI8
                0x06021dd0                __movstrSI0
                0x06021db8                __movstrSI24
                0x06021dbc                __movstrSI20
                0x06021dcc                __movstrSI4
 .text          0x06021e30       0xa0 C:/saturn/SH_COFF/sh-coff/bin/../lib/gcc/sh-coff/3.4-GNUSH_v0501\libgcc.a(_sdivsi3.o)
                0x06021e30                __sdivsi3
 .text          0x06021ed0       0xb0 C:/saturn/SH_COFF/sh-coff/bin/../lib/gcc/sh-coff/3.4-GNUSH_v0501\libgcc.a(_si_to_df.o)
                0x06021ed0                __floatsidf
 .text          0x06021f80      0x2e0 C:/saturn/SH_COFF/sh-coff/bin/../lib/gcc/sh-coff/3.4-GNUSH_v0501\libgcc.a(_mul_df.o)
                0x06021f90                __muldf3
 .text          0x06022260       0x80 C:/saturn/SH_COFF/sh-coff/bin/../lib/gcc/sh-coff/3.4-GNUSH_v0501\libgcc.a(_df_to_si.o)
                0x06022260                __fixdfsi
 .text          0x060222e0       0x70 C:/saturn/SH_COFF/sh-coff/bin/../lib/gcc/sh-coff/3.4-GNUSH_v0501\libgcc.a(_udivsi3.o)
                0x06022302                __udivsi3
 .text          0x06022350      0x220 C:/saturn/SH_COFF/sh-coff/bin/../lib/gcc/sh-coff/3.4-GNUSH_v0501\libgcc.a(_pack_df.o)
                0x06022360                __pack_d
 .text          0x06022570      0x120 C:/saturn/SH_COFF/sh-coff/bin/../lib/gcc/sh-coff/3.4-GNUSH_v0501\libgcc.a(_unpack_df.o)
                0x06022580                __unpack_d
 .text          0x06022690       0x20 C:/saturn/SH_COFF/sh-coff/bin/../lib/gcc/sh-coff/3.4-GNUSH_v0501\libgcc.a(_thenan_df.o)
                0x06022690                __thenan_df
 .text          0x060226b0       0xd0 C:/saturn/SH_COFF/sh-coff/bin/../lib/gcc/sh-coff/3.4-GNUSH_v0501\libgcc.a(_muldi3.o)
                0x060226b0                __muldi3
 .text          0x06022780       0x80 C:/saturn/SH_COFF/sh-coff/bin/../lib/gcc/sh-coff/3.4-GNUSH_v0501\libgcc.a(_lshrdi3.o)
                0x06022780                __lshrdi3
 .text          0x06022800       0x80 C:/saturn/SH_COFF/sh-coff/bin/../lib/gcc/sh-coff/3.4-GNUSH_v0501\libgcc.a(_ashldi3.o)
                0x06022800                __ashldi3
 .text          0x06022880       0x30 C:/saturn/SH_COFF/sh-coff/bin/../lib/gcc/sh-coff/3.4-GNUSH_v0501\libgcc.a(_mulsi3.o)
                0x06022880                __mulsi3
 .text          0x060228b0       0x90 C:/saturn/SH_COFF/sh-coff/bin/../lib/gcc/sh-coff/3.4-GNUSH_v0501\libgcc.a(_ashiftlt.o)
                0x060228b0                __ashlsi3
 .text          0x06022940       0x90 C:/saturn/SH_COFF/sh-coff/bin/../lib/gcc/sh-coff/3.4-GNUSH_v0501\libgcc.a(_lshiftrt.o)
                0x06022940                __lshrsi3
 .text          0x060229d0       0xa0 C:/saturn/SH_COFF/sh-coff/bin/../lib/gcc/sh-coff/3.4-GNUSH_v0501/../../../../sh-coff/lib\libc.a(memcpy.o)
                0x060229d0                memcpy
 .text          0x06022a70       0xb0 C:/saturn/SH_COFF/sh-coff/bin/../lib/gcc/sh-coff/3.4-GNUSH_v0501/../../../../sh-coff/lib\libc.a(sprintf.o)
                0x06022abc                sprintf
                0x06022a70                _sprintf_r
 .text          0x06022b20       0x20 C:/saturn/SH_COFF/sh-coff/bin/../lib/gcc/sh-coff/3.4-GNUSH_v0501/../../../../sh-coff/lib\libc.a(strlen.o)
                0x06022b20                strlen
 .text          0x06022b40       0x40 C:/saturn/SH_COFF/sh-coff/bin/../lib/gcc/sh-coff/3.4-GNUSH_v0501/../../../../sh-coff/lib\libc.a(memset.o)
                0x06022b40                memset
 .text          0x06022b80       0x60 C:/saturn/SH_COFF/sh-coff/bin/../lib/gcc/sh-coff/3.4-GNUSH_v0501/../../../../sh-coff/lib\libc.a(memcmp.o)
                0x06022b80                memcmp
 .text          0x06022be0       0xb0 C:/saturn/SH_COFF/sh-coff/bin/../lib/gcc/sh-coff/3.4-GNUSH_v0501/../../../../sh-coff/lib\libc.a(strncmp.o)
                0x06022be0                strncmp
 .text          0x06022c90       0xa0 C:/saturn/SH_COFF/sh-coff/bin/../lib/gcc/sh-coff/3.4-GNUSH_v0501/../../../../sh-coff/lib\libc.a(strncpy.o)
                0x06022c90                strncpy
 .text          0x06022d30       0x90 C:/saturn/SH_COFF/sh-coff/bin/../lib/gcc/sh-coff/3.4-GNUSH_v0501/../../../../sh-coff/lib\libc.a(atexit.o)
                0x06022d30                atexit
 .text          0x06022dc0     0x1a80 C:/saturn/SH_COFF/sh-coff/bin/../lib/gcc/sh-coff/3.4-GNUSH_v0501/../../../../sh-coff/lib\libc.a(vfprintf.o)
                0x06022e80                _vfprintf_r
                0x0602481c                vfprintf
 .text          0x06024840       0x10 C:/saturn/SH_COFF/sh-coff/bin/../lib/gcc/sh-coff/3.4-GNUSH_v0501/../../../../sh-coff/lib\libc.a(impure.o)
                0x06024840                _global_impure_ptr
 .text          0x06024850       0x40 C:/saturn/SH_COFF/sh-coff/bin/../lib/gcc/sh-coff/3.4-GNUSH_v0501/../../../../sh-coff/lib\libc.a(malloc.o)
                0x0602486c                free
                0x06024850                malloc
 .text          0x06024890      0x2e0 C:/saturn/SH_COFF/sh-coff/bin/../lib/gcc/sh-coff/3.4-GNUSH_v0501/../../../../sh-coff/lib\libc.a(fvwrite.o)
                0x06024890                __sfvwrite
 .text          0x06024b70      0x100 C:/saturn/SH_COFF/sh-coff/bin/../lib/gcc/sh-coff/3.4-GNUSH_v0501/../../../../sh-coff/lib\libc.a(locale.o)
                0x06024c38                setlocale
                0x06024bb8                _setlocale_r
                0x06024c14                __locale_charset
                0x06024c58                localeconv
                0x06024c28                _localeconv_r
 .text          0x06024c70      0x100 C:/saturn/SH_COFF/sh-coff/bin/../lib/gcc/sh-coff/3.4-GNUSH_v0501/../../../../sh-coff/lib\libc.a(wsetup.o)
                0x06024c70                __swsetup
 .text          0x06024d70       0xd0 C:/saturn/SH_COFF/sh-coff/bin/../lib/gcc/sh-coff/3.4-GNUSH_v0501/../../../../sh-coff/lib\libc.a(fflush.o)
                0x06024d70                fflush
 .text          0x06024e40      0x250 C:/saturn/SH_COFF/sh-coff/bin/../lib/gcc/sh-coff/3.4-GNUSH_v0501/../../../../sh-coff/lib\libc.a(findfp.o)
                0x06024f54                __sfp
                0x06024edc                __sfp_lock_acquire
                0x06025070                __fp_unlock_all
                0x06024f48                __sfp_lock_release
                0x06024ee8                __sinit
                0x06025020                _cleanup
                0x06025050                __fp_lock_all
                0x06025008                _cleanup_r
                0x06024e84                __sfmoreglue
 .text          0x06025090      0x340 C:/saturn/SH_COFF/sh-coff/bin/../lib/gcc/sh-coff/3.4-GNUSH_v0501/../../../../sh-coff/lib\libc.a(freer.o)
                0x06025090                _malloc_trim_r
                0x06025184                _free_r
 .text          0x060253d0       0x80 C:/saturn/SH_COFF/sh-coff/bin/../lib/gcc/sh-coff/3.4-GNUSH_v0501/../../../../sh-coff/lib\libc.a(wcrtomb.o)
                0x060253d0                _wcrtomb_r
                0x06025428                wcrtomb
 .text          0x06025450      0x5b0 C:/saturn/SH_COFF/sh-coff/bin/../lib/gcc/sh-coff/3.4-GNUSH_v0501/../../../../sh-coff/lib\libc.a(mallocr.o)
                0x06025450                _malloc_r
 .text          0x06025a00      0x130 C:/saturn/SH_COFF/sh-coff/bin/../lib/gcc/sh-coff/3.4-GNUSH_v0501/../../../../sh-coff/lib\libc.a(wcsrtombs.o)
                0x06025a00                _wcsrtombs_r
                0x06025af4                wcsrtombs
 .text          0x06025b30       0x40 C:/saturn/SH_COFF/sh-coff/bin/../lib/gcc/sh-coff/3.4-GNUSH_v0501/../../../../sh-coff/lib\libc.a(s_isinf.o)
                0x06025b30                isinf
 .text          0x06025b70       0x40 C:/saturn/SH_COFF/sh-coff/bin/../lib/gcc/sh-coff/3.4-GNUSH_v0501/../../../../sh-coff/lib\libc.a(s_isnan.o)
                0x06025b70                isnan
 .text          0x06025bb0     0x12b0 C:/saturn/SH_COFF/sh-coff/bin/../lib/gcc/sh-coff/3.4-GNUSH_v0501/../../../../sh-coff/lib\libc.a(dtoa.o)
                0x06025d68                _dtoa_r
 .text          0x06026e60       0xb0 C:/saturn/SH_COFF/sh-coff/bin/../lib/gcc/sh-coff/3.4-GNUSH_v0501/../../../../sh-coff/lib\libc.a(memchr.o)
                0x06026e60                memchr
 .text          0x06026f10       0xa0 C:/saturn/SH_COFF/sh-coff/bin/../lib/gcc/sh-coff/3.4-GNUSH_v0501/../../../../sh-coff/lib\libc.a(memmove.o)
                0x06026f10                memmove
 .text          0x06026fb0      0x3e0 C:/saturn/SH_COFF/sh-coff/bin/../lib/gcc/sh-coff/3.4-GNUSH_v0501/../../../../sh-coff/lib\libc.a(reallocr.o)
                0x06026fb0                _realloc_r
 .text          0x06027390       0x30 C:/saturn/SH_COFF/sh-coff/bin/../lib/gcc/sh-coff/3.4-GNUSH_v0501/../../../../sh-coff/lib\libc.a(strcmp.o)
                0x06027390                strcmp
 .text          0x060273c0      0x130 C:/saturn/SH_COFF/sh-coff/bin/../lib/gcc/sh-coff/3.4-GNUSH_v0501/../../../../sh-coff/lib\libc.a(makebuf.o)
                0x060273c0                __smakebuf
 .text          0x060274f0      0x190 C:/saturn/SH_COFF/sh-coff/bin/../lib/gcc/sh-coff/3.4-GNUSH_v0501/../../../../sh-coff/lib\libc.a(fwalk.o)
                0x06027624                _fwalk_reent
                0x060275c8                _fwalk
 .text          0x06027680      0x170 C:/saturn/SH_COFF/sh-coff/bin/../lib/gcc/sh-coff/3.4-GNUSH_v0501/../../../../sh-coff/lib\libc.a(stdio.o)
                0x060276d8                __swrite
                0x060277c4                __sclose
                0x06027680                __sread
                0x06027764                __sseek
 .text          0x060277f0      0x130 C:/saturn/SH_COFF/sh-coff/bin/../lib/gcc/sh-coff/3.4-GNUSH_v0501/../../../../sh-coff/lib\libc.a(fclose.o)
                0x060277f0                _fclose_r
                0x06027904                fclose
 .text          0x06027920       0x20 C:/saturn/SH_COFF/sh-coff/bin/../lib/gcc/sh-coff/3.4-GNUSH_v0501/../../../../sh-coff/lib\libc.a(mlock.o)
                0x06027920                __malloc_lock
                0x0602792c                __malloc_unlock
 .text          0x06027940       0x50 C:/saturn/SH_COFF/sh-coff/bin/../lib/gcc/sh-coff/3.4-GNUSH_v0501/../../../../sh-coff/lib\libc.a(sbrkr.o)
                0x06027940                _sbrk_r
 .text          0x06027990      0x2a0 C:/saturn/SH_COFF/sh-coff/bin/../lib/gcc/sh-coff/3.4-GNUSH_v0501/../../../../sh-coff/lib\libc.a(wctomb_r.o)
                0x060279b0                _wctomb_r
 .text          0x06027c30      0xd10 C:/saturn/SH_COFF/sh-coff/bin/../lib/gcc/sh-coff/3.4-GNUSH_v0501/../../../../sh-coff/lib\libc.a(mprec.o)
                0x060283f0                __mcmp
                0x06028838                _ratio
                0x06028070                _i2b
                0x060285d4                _b2d
                0x06027ecc                _s2b
                0x06027f84                _hi0bits
                0x06028224                _pow5mult
                0x06028434                __mdiff
                0x06028300                _lshift
                0x06028094                _multiply
                0x060286fc                _d2b
                0x06027d48                _Balloc
                0x06027c30                __mprec_tinytens
                0x060288cc                _mprec_log10
                0x06027c58                __mprec_bigtens
                0x0602854c                _ulp
                0x06027de0                _Bfree
                0x06027c80                __mprec_tens
                0x06027fe4                _lo0bits
                0x06027e00                _multadd
 .text          0x06028940       0x50 C:/saturn/SH_COFF/sh-coff/bin/../lib/gcc/sh-coff/3.4-GNUSH_v0501/../../../../sh-coff/lib\libc.a(fstatr.o)
                0x06028940                _fstat_r
 .text          0x06028990      0x380 C:/saturn/SH_COFF/sh-coff/bin/../lib/gcc/sh-coff/3.4-GNUSH_v0501/../../../../sh-coff/lib\libc.a(syscalls.o)
                0x06028afc                _exit
                0x06028b30                _getpid
                0x06028b98                _utime
                0x060289c8                _write
                0x06028990                _read
                0x06028ae4                _unlink
                0x06028aac                _open
                0x06028b48                _stat
                0x06028af0                isatty
                0x06028bc8                _wait
                0x06028b14                _kill
                0x06028b64                _chmod
                0x06028bf8                _execv
                0x06028bdc                _execve
                0x06028cd4                __setup_argv_and_call_main
                0x06028c30                _gettimeofday
                0x060289fc                _link
                0x06028b3c                _raise
                0x06028ac8                _creat
                0x06028c10                _pipe
                0x06028b7c                _chown
                0x060289ac                _lseek
                0x060289e4                _close
                0x06028c24                _times
                0x06028a98                _fstat
                0x06028bb4                _fork
                0x06028a24                _sbrk
 .text          0x06028d10       0x50 C:/saturn/SH_COFF/sh-coff/bin/../lib/gcc/sh-coff/3.4-GNUSH_v0501/../../../../sh-coff/lib\libc.a(readr.o)
                0x06028d10                _read_r
 .text          0x06028d60       0x50 C:/saturn/SH_COFF/sh-coff/bin/../lib/gcc/sh-coff/3.4-GNUSH_v0501/../../../../sh-coff/lib\libc.a(writer.o)
                0x06028d60                _write_r
 .text          0x06028db0       0x50 C:/saturn/SH_COFF/sh-coff/bin/../lib/gcc/sh-coff/3.4-GNUSH_v0501/../../../../sh-coff/lib\libc.a(lseekr.o)
                0x06028db0                _lseek_r
 .text          0x06028e00       0x50 C:/saturn/SH_COFF/sh-coff/bin/../lib/gcc/sh-coff/3.4-GNUSH_v0501/../../../../sh-coff/lib\libc.a(closer.o)
                0x06028e00                _close_r
 .text          0x06028e50       0x90 C:/saturn/SH_COFF/sh-coff/bin/../lib/gcc/sh-coff/3.4-GNUSH_v0501/../../../../sh-coff/lib\libc.a(callocr.o)
                0x06028e50                _calloc_r
 .text          0x06028ee0       0x20 C:/saturn/SH_COFF/sh-coff/bin/../lib/gcc/sh-coff/3.4-GNUSH_v0501/../../../../sh-coff/lib\libc.a(trap.o)
                0x06028ee0                __trap34
 .text          0x06028f00       0x20 C:/saturn/SH_COFF/sh-coff/bin/../lib/gcc/sh-coff/3.4-GNUSH_v0501/../../../../sh-coff/lib\libc.a(abort.o)
                0x06028f00                abort
 .text          0x06028f20      0x270 C:/saturn/SH_COFF/sh-coff/bin/../lib/gcc/sh-coff/3.4-GNUSH_v0501/../../../../sh-coff/lib\libc.a(signal.o)
                0x06028fe0                _raise_r
                0x06029168                __sigtramp
                0x06029114                raise
                0x06029150                _init_signal
                0x060290a0                __sigtramp_r
                0x06029130                signal
                0x06028f6c                _signal_r
                0x06028f20                _init_signal_r
 .text          0x06029190       0x60 C:/saturn/SH_COFF/sh-coff/bin/../lib/gcc/sh-coff/3.4-GNUSH_v0501/../../../../sh-coff/lib\libc.a(signalr.o)
                0x060291d8                _getpid_r
                0x06029190                _kill_r
 .text          0x060291f0       0x70 C:/saturn/SH_COFF/sh-coff/bin/../lib/gcc/sh-coff/3.4-GNUSH_v0501\libgcc.a(_lt_df.o)
                0x060291f0                __ltdf2
 .text          0x06029260       0x70 C:/saturn/SH_COFF/sh-coff/bin/../lib/gcc/sh-coff/3.4-GNUSH_v0501\libgcc.a(_eq_df.o)
                0x06029260                __eqdf2
 .text          0x060292d0       0x70 C:/saturn/SH_COFF/sh-coff/bin/../lib/gcc/sh-coff/3.4-GNUSH_v0501\libgcc.a(_ne_df.o)
                0x060292d0                __nedf2
 .text          0x06029340      0x540 C:/saturn/SH_COFF/sh-coff/bin/../lib/gcc/sh-coff/3.4-GNUSH_v0501\libgcc.a(_udivdi3.o)
                0x06029340                __udivdi3
 .text          0x06029880      0x570 C:/saturn/SH_COFF/sh-coff/bin/../lib/gcc/sh-coff/3.4-GNUSH_v0501\libgcc.a(_umoddi3.o)
                0x06029880                __umoddi3
 .text          0x06029df0      0x2f0 C:/saturn/SH_COFF/sh-coff/bin/../lib/gcc/sh-coff/3.4-GNUSH_v0501\libgcc.a(_addsub_df.o)
                0x0602a078                __subdf3
                0x0602a018                __adddf3
 .text          0x0602a0e0       0x70 C:/saturn/SH_COFF/sh-coff/bin/../lib/gcc/sh-coff/3.4-GNUSH_v0501\libgcc.a(_gt_df.o)
                0x0602a0e0                __gtdf2
 .text          0x0602a150      0x180 C:/saturn/SH_COFF/sh-coff/bin/../lib/gcc/sh-coff/3.4-GNUSH_v0501\libgcc.a(_div_df.o)
                0x0602a158                __divdf3
 .text          0x0602a2d0       0x70 C:/saturn/SH_COFF/sh-coff/bin/../lib/gcc/sh-coff/3.4-GNUSH_v0501\libgcc.a(_ge_df.o)
                0x0602a2d0                __gedf2
 .text          0x0602a340       0x90 C:/saturn/SH_COFF/sh-coff/bin/../lib/gcc/sh-coff/3.4-GNUSH_v0501\libgcc.a(_ashiftrt_n.o)
                0x0602a340                __ashrsi3
 .text          0x0602a3d0       0xf0 C:/saturn/SH_COFF/sh-coff/bin/../lib/gcc/sh-coff/3.4-GNUSH_v0501\libgcc.a(_fpcmp_parts_df.o)
                0x0602a3d0                __fpcmp_parts_d
 .text          0x0602a4c0      0x100 C:/saturn/SH_COFF/sh-coff/bin/../lib/gcc/sh-coff/3.4-GNUSH_v0501\libgcc.a(_clz.o)
                0x0602a4c0                __clz_tab
 *(.strings)

.tors           0x0602a5c0        0x0
                0x0602a5c0                ___ctors = .
 *(.ctors)
                0x0602a5c0                ___ctors_end = .
                0x0602a5c0                ___dtors = .
 *(.dtors)
                0x0602a5c0                ___dtors_end = .

.data           0x0602a5c0     0x1100
                0x0602a5c0                STARTOF_R = .
 *(.data)
 .data          0x0602a5c0      0x400 ../sbl6/segasmp/per/smpclib/per_x1.o
 .data          0x0602a9c0       0x10 src/img.o
                0x0602a9c0                IMG_NAME_LUT
 .data          0x0602a9d0       0x60 src/main.o
                0x0602a9d0                suwako
 .data          0x0602aa30      0x400 ../sbl6/segalib/lib/sega_int.a(int.o)
 .data          0x0602ae30       0x1c ../sbl6/segalib/lib/sega_spr.a(spr_slv.o)
                0x0602ae38                SPR_SlaveParam
                0x0602ae48                SPR_SMPC_SF
                0x0602ae40                SPR_SMPC_COM
                0x0602ae3c                SPR_SlaveSHEntry
                0x0602ae34                SPR_SlaveState
                0x0602ae30                SPR_SlaveCommand
                0x0602ae44                SPR_SMPC_RET
 *fill*         0x0602ae4c        0x4 00
 .data          0x0602ae50       0x34 ../sbl6/segalib/lib/sega_spr.a(spr_1c.o)
                0x0602ae50                SpInitialFlag
 *fill*         0x0602ae84        0xc 00
 .data          0x0602ae90       0x1c ../sbl6/segalib/lib/sega_scl.a(scl_vblv.o)
                0x0602ae98                VBInterval
                0x0602aea0                ReqDisplayFlag
                0x0602ae90                SpFrameChgMode
                0x0602ae9c                VBIntervalCounter
                0x0602ae94                SpFrameEraseMode
 *fill*         0x0602aeac        0x4 00
 .data          0x0602aeb0       0x36 ../sbl6/segalib/lib/sega_scl.a(scl_func.o)
                0x0602aec0                SclRotregBuff
                0x0602aebc                SclDisplayY
                0x0602aec4                SclRotateTableMode
                0x0602aeb8                SclProcess
                0x0602aeb4                SclCurSclNum
                0x0602aeb0                SclLengthLsTbl
                0x0602aeba                SclDisplayX
                0x0602aeb2                SclLengthCsTbl
 *fill*         0x0602aee6        0xa 00
 .data          0x0602aef0       0x18 ../sbl6/segalib/lib/sega_scl.a(scl_pri.o)
                0x0602aef4                SclRealSpPriNum
                0x0602af04                SclRealColOffset
                0x0602af00                SclRealBgColMix
                0x0602aefc                SclRealSpColMix
                0x0602aef8                SclRealBgPriNum
                0x0602aef0                SclRealOtherPri
 *fill*         0x0602af08        0x8 00
 .data          0x0602af10      0x380 C:/saturn/SH_COFF/sh-coff/bin/../lib/gcc/sh-coff/3.4-GNUSH_v0501/../../../../sh-coff/lib\libc.a(impure.o)
                0x0602b28c                _impure_ptr
 .data          0x0602b290       0x20 C:/saturn/SH_COFF/sh-coff/bin/../lib/gcc/sh-coff/3.4-GNUSH_v0501/../../../../sh-coff/lib\libc.a(locale.o)
                0x0602b29c                __mb_cur_max
                0x0602b290                __lc_ctype
 .data          0x0602b2b0      0x410 C:/saturn/SH_COFF/sh-coff/bin/../lib/gcc/sh-coff/3.4-GNUSH_v0501/../../../../sh-coff/lib\libc.a(mallocr.o)
                0x0602b2b8                __malloc_av_
                0x0602b2b4                __malloc_trim_threshold
                0x0602b2b0                __malloc_sbrk_base
                0x0602b6c0                SIZEOF_R = (. - STARTOF_R)
                0x0602b6c0                ENDOF_R = .

.bss            0x0602b6c0     0xe8c4
                0x0602b6c0                STARTOF_B = .
 *(.bss)
 .bss           0x0602b6c0       0xd0 ../sbl6/segasmp/per/smpclib/per_x2.o
 .bss           0x0602b790     0xa810 src/main.o
 .bss           0x06035fa0       0x6e ../sbl6/segalib/lib/sega_spr.a(spr_2c.o)
 *fill*         0x0603600e        0x2 00
 .bss           0x06036010        0x4 ../sbl6/segalib/lib/sega_scl.a(scl_vblv.o)
 *fill*         0x06036014        0xc 00
 .bss           0x06036020        0x4 ../sbl6/segalib/lib/sega_scl.a(scl_func.o)
 *fill*         0x06036024        0xc 00
 .bss           0x06036030       0x48 ../sbl6/segalib/lib/sega_scl.a(scl_ro00.o)
 *fill*         0x06036078        0x8 00
 .bss           0x06036080       0x9c ../sbl6/segalib/lib/sega_per.a(per_prt.o)
 *fill*         0x0603611c        0x4 00
 .bss           0x06036120        0xc ../sbl6/segalib/lib/sega_sat.a(DMA_SCU1.o)
 *fill*         0x0603612c        0x4 00
 .bss           0x06036130        0xc ../sbl6/segalib/lib/sega_sat.a(gfs_trn.o)
 *fill*         0x0603613c        0x4 00
 .bss           0x06036140       0x20 ../sbl6/segalib/lib/sega_sat.a(DMA_SCU0.o)
 .bss           0x06036160        0x2 ../sbl6/segalib/lib/sega_sat.a(cdc_reg.o)
 *fill*         0x06036162        0xe 00
 .bss           0x06036170        0xc ../sbl6/segalib/lib/sega_sat.a(cdc_sub.o)
 *fill*         0x0603617c        0x4 00
 .bss           0x06036180       0x10 C:/saturn/SH_COFF/sh-coff/bin/../lib/gcc/sh-coff/3.4-GNUSH_v0501\libgcc.a(__main.o)
 .bss           0x06036190       0x10 C:/saturn/SH_COFF/sh-coff/bin/../lib/gcc/sh-coff/3.4-GNUSH_v0501/../../../../sh-coff/lib\libc.a(atexit.o)
 .bss           0x060361a0       0x10 C:/saturn/SH_COFF/sh-coff/bin/../lib/gcc/sh-coff/3.4-GNUSH_v0501/../../../../sh-coff/lib\libc.a(locale.o)
                0x060361a4                __mlocale_changed
                0x060361a0                _PathLocale
                0x060361a8                __nlocale_changed
 .bss           0x060361b0       0x40 C:/saturn/SH_COFF/sh-coff/bin/../lib/gcc/sh-coff/3.4-GNUSH_v0501/../../../../sh-coff/lib\libc.a(mallocr.o)
                0x060361e0                __malloc_top_pad
                0x060361b0                __malloc_current_mallinfo
                0x060361dc                __malloc_max_sbrked_mem
                0x060361d8                __malloc_max_total_mem
 .bss           0x060361f0       0x10 C:/saturn/SH_COFF/sh-coff/bin/../lib/gcc/sh-coff/3.4-GNUSH_v0501/../../../../sh-coff/lib\libc.a(syscalls.o)
 *(COMMON)
 COMMON         0x06036200     0x1b0c src/cd.o
                                  0x0 (size before relaxing)
                0x06036200                dirname
                0x06036b60                lib_work
                0x06037d00                directory_table
 *fill*         0x06037d0c        0x4 00
 COMMON         0x06037d10      0x800 src/img.o
                                  0x0 (size before relaxing)
                0x06037d10                IMG_CHAR_LUT
 COMMON         0x06038510      0x400 ../sbl6/segalib/lib/sega_int.a(int.o)
                                  0x0 (size before relaxing)
                0x06038510                __interrupt_vector
 COMMON         0x06038910       0x50 ../sbl6/segalib/lib/sega_spr.a(spr_2c.o)
                                  0x0 (size before relaxing)
                0x06038910                SpMstCmd
                0x06038914                Sp2OpenFlag
                0x06038918                SpGourTblMax
                0x0603891c                SpDrawPrtyBlk
                0x06038920                SpLCoordX
                0x06038924                SpMstDrawPrtyBlk
                0x06038928                SpGourTbl
                0x0603892c                SpLookupTblR
                0x06038930                SpCmdTbl
                0x06038934                SpCharMax
                0x06038938                SpDrawPrtyProcFlag
                0x0603893c                SpCmdNo
                0x06038940                SpDrawPrtyBlkMax
                0x06038944                SpSlvCmdPos
                0x06038948                SpSlvDrawPrtyBlk
                0x0603894c                SpCharTbl
                0x06038950                SpCmdTblR
                0x06038954                SpMstCmdPos
                0x06038958                SpSlvCmd
                0x0603895c                SpLCoordY
 COMMON         0x06038960       0x10 ../sbl6/segalib/lib/sega_spr.a(spr_1c.o)
                                  0x0 (size before relaxing)
                0x06038960                SpScreenY
                0x06038964                SpFbcrMode
                0x06038966                SpDil
                0x06038968                SpDie
                0x0603896a                SpTvMode
                0x0603896c                SpScreenX
 COMMON         0x06038970      0xf00 ../sbl6/segalib/lib/sega_scl.a(scl_func.o)
                                  0x0 (size before relaxing)
                0x06038970                SclRbgKtbAddr
                0x06038978                SclRb
                0x0603897a                Scl_flag
                0x06038980                SclK_TableBuff
                0x06039650                SclAddrCsTbl
                0x06039660                Scl_s_reg
                0x06039688                SclRotateXy
                0x06039690                Scl_d_reg
                0x060396d8                SclRotateDisp
                0x060396e0                SclRotateMoveZ
                0x060396e8                SclRotXySw
                0x060396f0                Scl_r_reg
                0x06039700                SclRPMD
                0x06039708                SclRbgKtbOffset
                0x06039710                _SclRotregBuff
                0x060397e0                SclRa
                0x060397e8                SclRotateZ
                0x060397f0                SclAddrLsTbl
                0x060397f8                SclK_TableNum
                0x06039800                SclRotateTableAddress
                0x06039804                SclK_TableFlag
                0x06039810                Scl_w_reg
                0x06039830                Scl_n_reg
 COMMON         0x06039870      0x6b0 ../sbl6/segalib/lib/sega_scl.a(scl_pri.o)
                                  0x0 (size before relaxing)
                0x06039870                SclAutoEndBlue2
                0x06039880                SclColOffset
                0x06039890                SclPriBuffDirty
                0x06039892                SclAutoEndRed
                0x06039894                SclAutoSurface
                0x06039898                SclAutoGreen
                0x0603989a                SclAutoEndGreen
                0x0603989c                SclAutoCount
                0x060398a0                SclColRamAlloc256
                0x060398c0                SclAutoCurRate
                0x060398c1                SclAutoPlusFlag
                0x060398c8                SclSpColMix
                0x060398d0                SclAutoMax
                0x060398d4                SclLineColRamOffset
                0x060398d8                SclColRamAlloc2048
                0x060398dc                SclBgPriNum
                0x060398e2                SclAutoEndBlue
                0x060398e4                SclAutoEndGreen2
                0x060398e6                SclAutoVeFlag
                0x060398e8                SclBgColMix
                0x060398f0                SclAutoIndex
                0x060398f4                SclAutoEndRate
                0x060398f6                SclAutoBlue
                0x060398f8                SclAutoRed
                0x060398fc                SclAutoInterval
                0x06039900                SclOtherPri
                0x06039910                SclAutoRGB
                0x06039f10                SclAutoEndRed2
                0x06039f18                SclSpPriNum
 COMMON         0x06039f20       0x10 ../sbl6/segalib/lib/sega_scl.a(scl_ro00.o)
                                  0x0 (size before relaxing)
                0x06039f20                SclCsx
                0x06039f28                SclCsy
 COMMON         0x06039f30       0x15 ../sbl6/segalib/lib/sega_per.a(per_prt.o)
                                  0x0 (size before relaxing)
                0x06039f30                per_get_time_flg
                0x06039f31                per_hot_res
                0x06039f32                per_set_sys_flg
                0x06039f34                per_get_time_adr
                0x06039f38                per_get_sys_data
                0x06039f44                per_time_out_flg
 *fill*         0x06039f45        0xb 00
 COMMON         0x06039f50        0xc ../sbl6/segalib/lib/sega_sat.a(gfs.o)
                                  0x0 (size before relaxing)
                0x06039f50                GFMC_base
                0x06039f54                gfs_mng_ptr
                0x06039f58                gfs_use_scudma
 *fill*         0x06039f5c        0x4 00
 COMMON         0x06039f60        0x8 ../sbl6/segalib/lib/sega_sat.a(gfs_cdf.o)
                                  0x0 (size before relaxing)
                0x06039f60                gfcf_fad
                0x06039f64                gfcf_stat
 *fill*         0x06039f68        0x8 00
 COMMON         0x06039f70        0xc ../sbl6/segalib/lib/sega_sat.a(gfs_cdc.o)
                                  0x0 (size before relaxing)
                0x06039f70                gfcd_fatal_err
                0x06039f74                gfcd_work
                0x06039f78                gfcd_playflag
 *fill*         0x06039f7c        0x4 00
 COMMON         0x06039f80        0x4 C:/saturn/SH_COFF/sh-coff/bin/../lib/gcc/sh-coff/3.4-GNUSH_v0501/../../../../sh-coff/lib\libc.a(syscalls.o)
                                  0x0 (size before relaxing)
                0x06039f80                errno
                0x06039f84                SIZEOF_B = (. - STARTOF_B)
                0x06039f84                ENDOF_B = .
                0x06039f84                _end = .
OUTPUT(src/main.cof coff-sh)

.comment        0x06039f90      0x8c0
 .comment       0x06039f90       0x20 ../sbl6/segasmp/lib/strt2_g.o
 .comment       0x06039fb0       0x20 ../sbl6/segasmp/per/smpclib/per_x1.o
 .comment       0x06039fd0       0x20 ../sbl6/segasmp/per/smpclib/per_x2.o
 .comment       0x06039ff0       0x20 src/vblank.o
 .comment       0x0603a010       0x20 src/sinlut.o
 .comment       0x0603a030       0x20 src/cd.o
 .comment       0x0603a050       0x20 src/img.o
 .comment       0x0603a070       0x20 src/main.o
 .comment       0x0603a090       0x20 C:/saturn/SH_COFF/sh-coff/bin/../lib/gcc/sh-coff/3.4-GNUSH_v0501\libgcc.a(__main.o)
 .comment       0x0603a0b0       0x20 C:/saturn/SH_COFF/sh-coff/bin/../lib/gcc/sh-coff/3.4-GNUSH_v0501\libgcc.a(_si_to_df.o)
 .comment       0x0603a0d0       0x20 C:/saturn/SH_COFF/sh-coff/bin/../lib/gcc/sh-coff/3.4-GNUSH_v0501\libgcc.a(_mul_df.o)
 .comment       0x0603a0f0       0x20 C:/saturn/SH_COFF/sh-coff/bin/../lib/gcc/sh-coff/3.4-GNUSH_v0501\libgcc.a(_df_to_si.o)
 .comment       0x0603a110       0x20 C:/saturn/SH_COFF/sh-coff/bin/../lib/gcc/sh-coff/3.4-GNUSH_v0501\libgcc.a(_pack_df.o)
 .comment       0x0603a130       0x20 C:/saturn/SH_COFF/sh-coff/bin/../lib/gcc/sh-coff/3.4-GNUSH_v0501\libgcc.a(_unpack_df.o)
 .comment       0x0603a150       0x20 C:/saturn/SH_COFF/sh-coff/bin/../lib/gcc/sh-coff/3.4-GNUSH_v0501\libgcc.a(_thenan_df.o)
 .comment       0x0603a170       0x20 C:/saturn/SH_COFF/sh-coff/bin/../lib/gcc/sh-coff/3.4-GNUSH_v0501\libgcc.a(_muldi3.o)
 .comment       0x0603a190       0x20 C:/saturn/SH_COFF/sh-coff/bin/../lib/gcc/sh-coff/3.4-GNUSH_v0501\libgcc.a(_lshrdi3.o)
 .comment       0x0603a1b0       0x20 C:/saturn/SH_COFF/sh-coff/bin/../lib/gcc/sh-coff/3.4-GNUSH_v0501\libgcc.a(_ashldi3.o)
 .comment       0x0603a1d0       0x20 C:/saturn/SH_COFF/sh-coff/bin/../lib/gcc/sh-coff/3.4-GNUSH_v0501/../../../../sh-coff/lib\libc.a(sprintf.o)
 .comment       0x0603a1f0       0x20 C:/saturn/SH_COFF/sh-coff/bin/../lib/gcc/sh-coff/3.4-GNUSH_v0501/../../../../sh-coff/lib\libc.a(memcmp.o)
 .comment       0x0603a210       0x20 C:/saturn/SH_COFF/sh-coff/bin/../lib/gcc/sh-coff/3.4-GNUSH_v0501/../../../../sh-coff/lib\libc.a(strncmp.o)
 .comment       0x0603a230       0x20 C:/saturn/SH_COFF/sh-coff/bin/../lib/gcc/sh-coff/3.4-GNUSH_v0501/../../../../sh-coff/lib\libc.a(strncpy.o)
 .comment       0x0603a250       0x20 C:/saturn/SH_COFF/sh-coff/bin/../lib/gcc/sh-coff/3.4-GNUSH_v0501/../../../../sh-coff/lib\libc.a(atexit.o)
 .comment       0x0603a270       0x20 C:/saturn/SH_COFF/sh-coff/bin/../lib/gcc/sh-coff/3.4-GNUSH_v0501/../../../../sh-coff/lib\libc.a(vfprintf.o)
 .comment       0x0603a290       0x20 C:/saturn/SH_COFF/sh-coff/bin/../lib/gcc/sh-coff/3.4-GNUSH_v0501/../../../../sh-coff/lib\libc.a(impure.o)
 .comment       0x0603a2b0       0x20 C:/saturn/SH_COFF/sh-coff/bin/../lib/gcc/sh-coff/3.4-GNUSH_v0501/../../../../sh-coff/lib\libc.a(malloc.o)
 .comment       0x0603a2d0       0x20 C:/saturn/SH_COFF/sh-coff/bin/../lib/gcc/sh-coff/3.4-GNUSH_v0501/../../../../sh-coff/lib\libc.a(fvwrite.o)
 .comment       0x0603a2f0       0x20 C:/saturn/SH_COFF/sh-coff/bin/../lib/gcc/sh-coff/3.4-GNUSH_v0501/../../../../sh-coff/lib\libc.a(locale.o)
 .comment       0x0603a310       0x20 C:/saturn/SH_COFF/sh-coff/bin/../lib/gcc/sh-coff/3.4-GNUSH_v0501/../../../../sh-coff/lib\libc.a(wsetup.o)
 .comment       0x0603a330       0x20 C:/saturn/SH_COFF/sh-coff/bin/../lib/gcc/sh-coff/3.4-GNUSH_v0501/../../../../sh-coff/lib\libc.a(fflush.o)
 .comment       0x0603a350       0x20 C:/saturn/SH_COFF/sh-coff/bin/../lib/gcc/sh-coff/3.4-GNUSH_v0501/../../../../sh-coff/lib\libc.a(findfp.o)
 .comment       0x0603a370       0x20 C:/saturn/SH_COFF/sh-coff/bin/../lib/gcc/sh-coff/3.4-GNUSH_v0501/../../../../sh-coff/lib\libc.a(freer.o)
 .comment       0x0603a390       0x20 C:/saturn/SH_COFF/sh-coff/bin/../lib/gcc/sh-coff/3.4-GNUSH_v0501/../../../../sh-coff/lib\libc.a(wcrtomb.o)
 .comment       0x0603a3b0       0x20 C:/saturn/SH_COFF/sh-coff/bin/../lib/gcc/sh-coff/3.4-GNUSH_v0501/../../../../sh-coff/lib\libc.a(mallocr.o)
 .comment       0x0603a3d0       0x20 C:/saturn/SH_COFF/sh-coff/bin/../lib/gcc/sh-coff/3.4-GNUSH_v0501/../../../../sh-coff/lib\libc.a(wcsrtombs.o)
 .comment       0x0603a3f0       0x20 C:/saturn/SH_COFF/sh-coff/bin/../lib/gcc/sh-coff/3.4-GNUSH_v0501/../../../../sh-coff/lib\libc.a(s_isinf.o)
 .comment       0x0603a410       0x20 C:/saturn/SH_COFF/sh-coff/bin/../lib/gcc/sh-coff/3.4-GNUSH_v0501/../../../../sh-coff/lib\libc.a(s_isnan.o)
 .comment       0x0603a430       0x20 C:/saturn/SH_COFF/sh-coff/bin/../lib/gcc/sh-coff/3.4-GNUSH_v0501/../../../../sh-coff/lib\libc.a(dtoa.o)
 .comment       0x0603a450       0x20 C:/saturn/SH_COFF/sh-coff/bin/../lib/gcc/sh-coff/3.4-GNUSH_v0501/../../../../sh-coff/lib\libc.a(memchr.o)
 .comment       0x0603a470       0x20 C:/saturn/SH_COFF/sh-coff/bin/../lib/gcc/sh-coff/3.4-GNUSH_v0501/../../../../sh-coff/lib\libc.a(memmove.o)
 .comment       0x0603a490       0x20 C:/saturn/SH_COFF/sh-coff/bin/../lib/gcc/sh-coff/3.4-GNUSH_v0501/../../../../sh-coff/lib\libc.a(reallocr.o)
 .comment       0x0603a4b0       0x20 C:/saturn/SH_COFF/sh-coff/bin/../lib/gcc/sh-coff/3.4-GNUSH_v0501/../../../../sh-coff/lib\libc.a(makebuf.o)
 .comment       0x0603a4d0       0x20 C:/saturn/SH_COFF/sh-coff/bin/../lib/gcc/sh-coff/3.4-GNUSH_v0501/../../../../sh-coff/lib\libc.a(fwalk.o)
 .comment       0x0603a4f0       0x20 C:/saturn/SH_COFF/sh-coff/bin/../lib/gcc/sh-coff/3.4-GNUSH_v0501/../../../../sh-coff/lib\libc.a(stdio.o)
 .comment       0x0603a510       0x20 C:/saturn/SH_COFF/sh-coff/bin/../lib/gcc/sh-coff/3.4-GNUSH_v0501/../../../../sh-coff/lib\libc.a(fclose.o)
 .comment       0x0603a530       0x20 C:/saturn/SH_COFF/sh-coff/bin/../lib/gcc/sh-coff/3.4-GNUSH_v0501/../../../../sh-coff/lib\libc.a(mlock.o)
 .comment       0x0603a550       0x20 C:/saturn/SH_COFF/sh-coff/bin/../lib/gcc/sh-coff/3.4-GNUSH_v0501/../../../../sh-coff/lib\libc.a(sbrkr.o)
 .comment       0x0603a570       0x20 C:/saturn/SH_COFF/sh-coff/bin/../lib/gcc/sh-coff/3.4-GNUSH_v0501/../../../../sh-coff/lib\libc.a(wctomb_r.o)
 .comment       0x0603a590       0x20 C:/saturn/SH_COFF/sh-coff/bin/../lib/gcc/sh-coff/3.4-GNUSH_v0501/../../../../sh-coff/lib\libc.a(mprec.o)
 .comment       0x0603a5b0       0x20 C:/saturn/SH_COFF/sh-coff/bin/../lib/gcc/sh-coff/3.4-GNUSH_v0501/../../../../sh-coff/lib\libc.a(fstatr.o)
 .comment       0x0603a5d0       0x20 C:/saturn/SH_COFF/sh-coff/bin/../lib/gcc/sh-coff/3.4-GNUSH_v0501/../../../../sh-coff/lib\libc.a(syscalls.o)
 .comment       0x0603a5f0       0x20 C:/saturn/SH_COFF/sh-coff/bin/../lib/gcc/sh-coff/3.4-GNUSH_v0501/../../../../sh-coff/lib\libc.a(readr.o)
 .comment       0x0603a610       0x20 C:/saturn/SH_COFF/sh-coff/bin/../lib/gcc/sh-coff/3.4-GNUSH_v0501/../../../../sh-coff/lib\libc.a(writer.o)
 .comment       0x0603a630       0x20 C:/saturn/SH_COFF/sh-coff/bin/../lib/gcc/sh-coff/3.4-GNUSH_v0501/../../../../sh-coff/lib\libc.a(lseekr.o)
 .comment       0x0603a650       0x20 C:/saturn/SH_COFF/sh-coff/bin/../lib/gcc/sh-coff/3.4-GNUSH_v0501/../../../../sh-coff/lib\libc.a(closer.o)
 .comment       0x0603a670       0x20 C:/saturn/SH_COFF/sh-coff/bin/../lib/gcc/sh-coff/3.4-GNUSH_v0501/../../../../sh-coff/lib\libc.a(callocr.o)
 .comment       0x0603a690       0x20 C:/saturn/SH_COFF/sh-coff/bin/../lib/gcc/sh-coff/3.4-GNUSH_v0501/../../../../sh-coff/lib\libc.a(abort.o)
 .comment       0x0603a6b0       0x20 C:/saturn/SH_COFF/sh-coff/bin/../lib/gcc/sh-coff/3.4-GNUSH_v0501/../../../../sh-coff/lib\libc.a(signal.o)
 .comment       0x0603a6d0       0x20 C:/saturn/SH_COFF/sh-coff/bin/../lib/gcc/sh-coff/3.4-GNUSH_v0501/../../../../sh-coff/lib\libc.a(signalr.o)
 .comment       0x0603a6f0       0x20 C:/saturn/SH_COFF/sh-coff/bin/../lib/gcc/sh-coff/3.4-GNUSH_v0501\libgcc.a(_lt_df.o)
 .comment       0x0603a710       0x20 C:/saturn/SH_COFF/sh-coff/bin/../lib/gcc/sh-coff/3.4-GNUSH_v0501\libgcc.a(_eq_df.o)
 .comment       0x0603a730       0x20 C:/saturn/SH_COFF/sh-coff/bin/../lib/gcc/sh-coff/3.4-GNUSH_v0501\libgcc.a(_ne_df.o)
 .comment       0x0603a750       0x20 C:/saturn/SH_COFF/sh-coff/bin/../lib/gcc/sh-coff/3.4-GNUSH_v0501\libgcc.a(_udivdi3.o)
 .comment       0x0603a770       0x20 C:/saturn/SH_COFF/sh-coff/bin/../lib/gcc/sh-coff/3.4-GNUSH_v0501\libgcc.a(_umoddi3.o)
 .comment       0x0603a790       0x20 C:/saturn/SH_COFF/sh-coff/bin/../lib/gcc/sh-coff/3.4-GNUSH_v0501\libgcc.a(_addsub_df.o)
 .comment       0x0603a7b0       0x20 C:/saturn/SH_COFF/sh-coff/bin/../lib/gcc/sh-coff/3.4-GNUSH_v0501\libgcc.a(_gt_df.o)
 .comment       0x0603a7d0       0x20 C:/saturn/SH_COFF/sh-coff/bin/../lib/gcc/sh-coff/3.4-GNUSH_v0501\libgcc.a(_div_df.o)
 .comment       0x0603a7f0       0x20 C:/saturn/SH_COFF/sh-coff/bin/../lib/gcc/sh-coff/3.4-GNUSH_v0501\libgcc.a(_ge_df.o)
 .comment       0x0603a810       0x20 C:/saturn/SH_COFF/sh-coff/bin/../lib/gcc/sh-coff/3.4-GNUSH_v0501\libgcc.a(_fpcmp_parts_df.o)
 .comment       0x0603a830       0x20 C:/saturn/SH_COFF/sh-coff/bin/../lib/gcc/sh-coff/3.4-GNUSH_v0501\libgcc.a(_clz.o)
